    Blocking waiting for file lock on package cache
    Blocking waiting for file lock on package cache
    Blocking waiting for file lock on package cache
   Compiling memchr v2.8.3
   Compiling regex-syntax v0.8.11
   Compiling windows-link v0.2.1
   Compiling log v0.4.33
   Compiling serde_core v1.0.228
   Compiling crossbeam-utils v0.8.22
   Compiling zmij v1.0.23
   Compiling cfg-if v1.0.4
   Compiling crossbeam-epoch v0.9.20
   Compiling serde v1.0.228
   Compiling serde_json v1.0.150
   Compiling memmap2 v0.9.11
   Compiling windows-sys v0.61.2
   Compiling encoding_rs v0.8.35
   Compiling itoa v1.0.18
   Compiling crossbeam-deque v0.8.7
   Compiling winapi-util v0.1.11
   Compiling anyhow v1.0.103
   Compiling ripgrep v15.2.0 (C:\Users\kolla\AppData\Local\lrc-bench\wt2)
   Compiling textwrap v0.16.2
   Compiling aho-corasick v1.1.4
   Compiling grep-matcher v0.1.9 (C:\Users\kolla\AppData\Local\lrc-bench\wt2\crates\matcher)
   Compiling termcolor v1.4.1
   Compiling encoding_rs_io v0.1.7
   Compiling same-file v1.0.6
   Compiling lexopt v0.3.2
   Compiling walkdir v2.5.0
   Compiling regex-automata v0.4.15
   Compiling bstr v1.13.0
   Compiling globset v0.4.19 (C:\Users\kolla\AppData\Local\lrc-bench\wt2\crates\globset)
   Compiling grep-searcher v0.1.17 (C:\Users\kolla\AppData\Local\lrc-bench\wt2\crates\searcher)
   Compiling grep-regex v0.1.14 (C:\Users\kolla\AppData\Local\lrc-bench\wt2\crates\regex)
   Compiling grep-cli v0.1.12 (C:\Users\kolla\AppData\Local\lrc-bench\wt2\crates\cli)
   Compiling ignore v0.4.29 (C:\Users\kolla\AppData\Local\lrc-bench\wt2\crates\ignore)
   Compiling grep-printer v0.3.1 (C:\Users\kolla\AppData\Local\lrc-bench\wt2\crates\printer)
   Compiling grep v0.4.1 (C:\Users\kolla\AppData\Local\lrc-bench\wt2\crates\grep)
    Finished `dev` profile [unoptimized + debuginfo] target(s) in 59.32s
    Blocking waiting for file lock on package cache
    Blocking waiting for file lock on package cache
    Blocking waiting for file lock on package cache
   Compiling proc-macro2 v1.0.106
   Compiling quote v1.0.46
   Compiling unicode-ident v1.0.24
   Compiling syn v2.0.119
   Compiling serde_derive v1.0.228
   Compiling ripgrep v15.2.0 (C:\Users\kolla\AppData\Local\lrc-bench\wt2)
warning: method `env` is never used
   --> tests\util.rs:278:12
    |
255 | impl TestCommand {
    | ---------------- method in this implementation
...
278 |     pub fn env(
    |            ^^^
    |
    = note: `#[warn(dead_code)]` (part of `#[warn(unused)]`) on by default

warning: `ripgrep` (test "integration") generated 1 warning
    Finished `test` profile [unoptimized + debuginfo] target(s) in 23.02s
     Running unittests crates\core\main.rs (target\debug\deps\rg-ff2a6bef784b8b22.exe)

running 114 tests
test flags::defs::test_block_buffered ... ok
test flags::defs::test_byte_offset ... ok
test flags::defs::test_column ... ok
test flags::defs::test_case_sensitive ... ok
test flags::config::tests::error ... ok
test flags::defs::test_auto_hybrid_regex ... ok
test flags::defs::test_before_context ... ok
test flags::defs::test_after_context ... ok
test flags::defs::test_colors ... ok
test flags::defs::test_color ... ok
test flags::defs::test_binary ... ok
test flags::config::tests::basic ... ok
test flags::defs::test_context ... ok
test flags::defs::test_count ... ok
test flags::defs::test_context_separator ... ok
test flags::defs::test_count_matches ... ok
test flags::defs::test_crlf ... ok
test flags::defs::test_debug ... ok
test flags::defs::test_dfa_size_limit ... ok
test flags::defs::test_engine ... ok
test flags::defs::test_encoding ... ok
test flags::defs::test_field_context_separator ... ok
test flags::defs::test_field_match_separator ... ok
test flags::defs::test_file ... ok
test flags::defs::test_files ... ok
test flags::defs::test_files_with_matches ... ok
test flags::defs::test_files_without_match ... ok
test flags::defs::test_fixed_strings ... ok
test flags::defs::test_follow ... ok
test flags::defs::test_generate ... ok
test flags::defs::test_glob ... ok
test flags::defs::test_glob_case_insensitive ... ok
test flags::defs::test_heading ... ok
test flags::defs::test_help ... ok
test flags::defs::test_hidden ... ok
test flags::defs::test_hostname_bin ... ok
test flags::defs::test_iglob ... ok
test flags::defs::test_ignore_case ... ok
test flags::defs::test_hyperlink_format ... ok
test flags::defs::test_ignore_file ... ok
test flags::defs::test_ignore_file_case_insensitive ... ok
test flags::defs::test_include_zero ... ok
test flags::defs::test_invert_match ... ok
test flags::defs::test_json ... ok
test flags::defs::test_line_buffered ... ok
test flags::defs::test_line_number ... ok
test flags::defs::test_line_regexp ... ok
test flags::defs::test_max_columns ... ok
test flags::defs::test_max_columns_preview ... ok
test flags::defs::test_max_count ... ok
test flags::defs::test_max_depth ... ok
test flags::defs::test_max_filesize ... ok
test flags::defs::test_mmap ... ok
test flags::defs::test_multiline ... ok
test flags::defs::test_multiline_dotall ... ok
test flags::defs::test_no_config ... ok
test flags::defs::test_no_ignore ... ok
test flags::defs::test_no_ignore_dot ... ok
test flags::defs::test_no_ignore_exclude ... ok
test flags::defs::test_no_ignore_files ... ok
test flags::defs::test_no_ignore_global ... ok
test flags::defs::test_no_ignore_messages ... ok
test flags::defs::test_no_ignore_parent ... ok
test flags::defs::test_no_ignore_vcs ... ok
test flags::defs::test_no_line_number ... ok
test flags::defs::test_no_messages ... ok
test flags::defs::test_one_file_system ... ok
test flags::defs::test_no_require_git ... ok
test flags::defs::test_null_data ... ok
test flags::defs::test_no_pcre2_unicode ... ok
test flags::defs::test_no_unicode ... ok
test flags::defs::test_null ... ok
test flags::defs::test_only_matching ... ok
test flags::defs::test_passthru ... ok
test flags::defs::test_pcre2_version ... ok
test flags::defs::test_pre ... ok
test flags::defs::test_pcre2 ... ok
test flags::defs::test_path_separator ... ok
test flags::defs::test_pre_glob ... ok
test flags::defs::test_pretty ... ok
test flags::defs::test_replace ... ok
test flags::defs::test_regexp ... ok
test flags::defs::test_search_zip ... ok
test flags::defs::test_smart_case ... ok
test flags::defs::test_quiet ... ok
test flags::defs::test_regex_size_limit ... ok
test flags::defs::test_sort ... ok
test flags::defs::test_sort_files ... ok
test flags::defs::test_stats ... ok
test flags::defs::test_stop_on_nonmatch ... ok
test flags::defs::test_sortr ... ok
test flags::defs::test_trace ... ok
test flags::defs::test_threads ... ok
test flags::defs::test_text ... ok
test flags::defs::test_trim ... ok
test flags::defs::test_type ... ok
test flags::defs::test_type_add ... ok
test flags::defs::test_type_clear ... ok
test flags::defs::test_type_list ... ok
test flags::defs::test_type_not ... ok
test flags::defs::test_unrestricted ... ok
test flags::defs::test_version ... ok
test flags::defs::test_vimgrep ... ok
test flags::defs::test_with_filename ... ok
test flags::defs::test_with_filename_no ... ok
test flags::defs::test_word_regexp ... ok
test flags::defs::tests::available_shorts ... ok
test flags::defs::tests::choices_ascii_alphanumeric ... ok
test flags::defs::tests::longs_all_ascii_alphanumeric ... ok
test flags::defs::tests::non_switches_have_variable_names ... ok
test flags::defs::tests::longs_no_duplicates ... ok
test flags::defs::tests::shorts_all_ascii_alphanumeric ... ok
test flags::defs::tests::shorts_no_duplicates ... ok
test flags::defs::tests::switches_have_no_choices ... ok

test result: ok. 114 passed; 0 failed; 0 ignored; 0 measured; 0 filtered out; finished in 0.01s

     Running tests\tests.rs (target\debug\deps\integration-b6b4df7f4f523614.exe)

running 323 tests
test binary::after_match1_implicit_quiet ... ok
test binary::after_match1_implicit_text ... ok
test binary::after_match1_explicit ... ok
test binary::after_match2_implicit_text ... FAILED
test binary::after_match1_explicit_text ... ok
test binary::before_match1_explicit ... FAILED
test binary::before_match1_implicit ... FAILED
test binary::after_match1_implicit_path ... ok
test binary::after_match1_explicit_count ... ok
test binary::after_match1_stdin ... ok
test binary::after_match1_implicit_count_binary ... ok
test binary::mmap_binary_flag ... FAILED
test binary::after_match1_implicit ... ok
test binary::after_match1_implicit_binary ... ok
test binary::after_match2_implicit ... ok
test binary::before_match1_implicit_binary ... ok
test binary::mmap_match_implicit ... FAILED
test binary::after_match1_implicit_count ... ok
test binary::mmap_match_multiple ... FAILED
test binary::mmap_after_nul_match ... ok
test binary::mmap_match_count ... ok
test binary::before_match2_implicit_text ... ok
test feature::context_sep ... FAILED
test binary::before_match1_implicit_text ... ok
test binary::before_match2_implicit ... ok
test binary::mmap_match_explicit ... ok
test binary::before_match2_explicit ... ok
test binary::mmap_match_near_nul ... ok
test feature::f1155_auto_hybrid_regex ... ok
test feature::f1138_no_ignore_dot ... FAILED
test feature::context_sep_empty ... ok
test feature::f129_context ... FAILED
test feature::f1078_max_columns_preview2 ... ok
test feature::context_sep_default ... ok
test binary::mmap_text_flag ... ok
test feature::f1207_ignore_encoding ... ok
test feature::f1078_max_columns_preview1 ... ok
test feature::f1207_auto_encoding ... ok
test feature::f109_case_sensitive_part1 ... ok
test feature::f159_max_count_zero ... FAILED
test feature::f109_case_sensitive_part2 ... ok
test feature::f109_max_depth ... ok
test feature::f129_matches ... ok
test feature::f129_replace ... ok
test feature::f1414_no_require_git ... FAILED
test binary::matching_files_inconsistent_with_count ... ok
test feature::f159_max_count ... ok
test feature::f1_eucjp ... ok
test feature::f1_replacement_encoding ... ok
test feature::f1404_nothing_searched_ignored ... ok
test feature::f20_no_filename ... FAILED
test feature::f1404_nothing_searched_warning ... ok
test feature::f1_unknown_encoding ... ok
test feature::f2361_sort_nested_files ... FAILED
test feature::f1420_no_ignore_exclude ... ok
test feature::f1_utf16_auto ... ok
test feature::f1_sjis ... ok
test feature::f196_persistent_config ... ok
test feature::f263_sort_files_reverse ... FAILED
test feature::f1_utf16_explicit ... ok
test feature::f2288_context_partial_override ... ok
test feature::f2288_context_partial_override_rev ... ok
test feature::f243_column_line ... ok
test feature::f275_pathsep ... ok
test feature::f411_parallel_quiet_search_stats ... FAILED
test feature::f34_only_matching ... ok
test feature::f34_only_matching_line_column ... ok
test feature::f263_sort_files ... ok
test feature::f411_single_threaded_quiet_search_stats ... ok
test feature::f411_parallel_search_stats ... FAILED
test feature::f362_dfa_size_limit ... ok
test feature::f416_crlf ... ok
test feature::f362_exceeds_regex_size_limit ... ok
test feature::f416_crlf_only_matching ... FAILED
test feature::f1842_field_context_separator ... ok
test feature::f1842_field_match_separator ... ok
test feature::f411_single_threaded_search_stats ... ok
test feature::f416_crlf_multiline ... ok
test feature::f7 ... ok
test feature::f45_precedence_with_others ... ok
test feature::f1466_no_ignore_files ... ok
test feature::f419_zero_as_shortcut_for_null ... ok
test feature::f45_precedence_internal ... ok
test feature::f68_no_ignore_vcs ... ok
test feature::f70_smart_case ... ok
test feature::f7_stdin ... ok
test feature::f89_count ... ok
test feature::f917_trim_match ... FAILED
test feature::f917_trim ... ok
test feature::f89_files ... ok
test feature::f89_files_without_match ... FAILED
test feature::f89_match ... ok
test feature::f917_trim_max_columns_multi_only_matching ... FAILED
test feature::f89_files_with_matches ... ok
test feature::f917_trim_max_columns_matches ... ok
test feature::f917_trim_max_columns_multi_standard ... FAILED
test feature::f917_trim_max_columns_normal ... FAILED
test feature::f917_trim_max_columns_multi_per_match ... ok
test feature::f917_trim_multi_standard ... ok
test feature::f948_exit_code_error ... ok
test feature::f948_exit_code_match ... ok
test feature::f993_null_data ... ok
test feature::no_context_sep ... ok
test feature::no_context_sep_overridden ... ok
test feature::no_context_sep_overrides ... ok
test feature::f948_exit_code_no_match ... ok
test json::notutf8_file ... FAILED
test json::crlf ... ok
test json::r1412_look_behind_match_missing ... ok
test json::replacement ... FAILED
test json::basic ... ok
test feature::stop_on_nonmatch ... ok
test feature::f45_relative_cwd ... ok
test feature::no_unicode ... ok
test json::quiet_stats ... ok
test feature::f740_passthru ... ok
test misc::before_context ... ok
test misc::after_context ... ok
test misc::binary_convert ... ok
test misc::after_context_line_numbers ... ok
test misc::before_context_line_numbers ... ok
test misc::binary_convert_mmap ... ok
test misc::binary_quit ... ok
test misc::binary_quit_mmap ... ok
test json::r1095_missing_crlf ... ok
test misc::compressed_lzma ... FAILED
test misc::compressed_lz4 ... ok
test json::r1095_crlf_empty_match ... ok
test misc::binary_search_mmap ... ok
test misc::compressed_zstd ... ok
test misc::compressed_uncompress ... ok
test misc::binary_search_no_mmap ... ok
test misc::case_insensitive ... ok
test misc::byte_offset_only_matching ... ok
test misc::columns ... ok
test misc::context_line_numbers ... ok
test misc::context ... ok
test misc::count ... ok
test misc::compressed_failing_gzip ... ok
test misc::count_matches ... ok
test misc::count_matches_inverted ... ok
test misc::dir ... ok
test misc::compressed_bzip2 ... ok
test misc::compressed_brotli ... ok
test misc::count_matches_via_only ... ok
test misc::file_type_add ... ok
test misc::file_type_add_compose ... ok
test misc::compressed_gzip ... ok
test misc::file_type_clear ... ok
test misc::file_types_negate ... ok
test misc::file_types ... FAILED
test misc::ignore_generic ... FAILED
test misc::glob_always_case_insensitive ... ok
test misc::files ... ok
test misc::ignore_git ... FAILED
test misc::ignore_git_multi_root_order ... FAILED
test misc::glob_case_insensitive ... ok
test misc::files_with_matches ... ok
test misc::glob ... ok
test misc::glob_case_sensitive ... ok
test misc::files_without_match ... ok
test misc::ignore_git_parent_stop_file ... FAILED
test misc::ignore_git_parent_stop ... FAILED
test misc::glob_negate ... ok
test misc::compressed_xz ... ok
test misc::inverted ... FAILED
test misc::inverted_line_numbers ... ok
test misc::ignore_git_parent ... ok
test misc::ignore_ripgrep ... ok
test misc::ignore_hidden ... ok
test misc::literal ... ok
test misc::max_filesize_parse_error_suffix ... ok
test misc::ignore_ripgrep_parent_no_stop ... ok
test misc::line_numbers ... ok
test misc::line ... ok
test misc::max_filesize_parse_k_suffix ... ok
test misc::max_filesize_parse_m_suffix ... ok
test misc::no_ignore_hidden ... FAILED
test misc::max_filesize_parse_error_length ... ok
test misc::no_ignore ... FAILED
test misc::max_filesize_parse_no_suffix ... ok
test misc::include_zero ... ok
test misc::max_filesize_suffix_overflow ... ok
test misc::ignore_rgignore_multi_root_order ... ok
test misc::include_zero_override ... ok
test misc::quiet ... ok
test misc::replace ... ok
test misc::replace_named_groups ... ok
test misc::file_types_all ... FAILED
test misc::replace_groups ... ok
test misc::type_list ... ok
test misc::single_file ... FAILED
test misc::preprocessing ... ok
test misc::no_parent_ignore_git ... ok
test misc::sort_accessed ... FAILED
test misc::symlink_nofollow ... ok
test misc::preprocessing_glob ... ok
test misc::file_types_negate_all ... ok
test misc::replace_with_only_matching ... ok
test misc::unrestricted2 ... ok
test misc::word ... FAILED
test misc::with_heading ... ok
test misc::with_filename ... ok
test misc::vimgrep ... ok
test misc::unrestricted1 ... ok
test misc::vimgrep_no_line ... ok
test misc::vimgrep_no_line_no_column ... ok
test multiline::dot_all ... ok
test misc::unrestricted3 ... ok
test misc::with_heading_default ... ok
test misc::word_period ... ok
test multiline::context ... ok
test multiline::overlap1 ... ok
test regression::f1757 ... FAILED
test multiline::only_matching ... ok
test multiline::dot_no_newline ... ok
test multiline::overlap2 ... ok
test multiline::stdin ... ok
test multiline::vimgrep ... ok
test regression::r1159_invalid_flag ... ok
test regression::r1064 ... ok
test regression::r1173 ... FAILED
test regression::r1164 ... FAILED
test misc::sort_files ... ok
test regression::r105_part1 ... ok
test misc::sortr_accessed ... ok
test regression::r1223_no_dir_check_for_default_path ... ok
test regression::r1176_line_regex ... ok
test regression::r1176_literal_file ... ok
test regression::r1163 ... ok
test regression::r105_part2 ... ok
test regression::r1098 ... ok
test regression::r1259_drop_last_byte_nonl ... FAILED
test regression::r1130 ... ok
test regression::r1174 ... ok
test regression::r127 ... FAILED
test regression::r1401_look_ahead_only_matching_1 ... ok
test regression::r131 ... ok
test regression::r1311_multi_line_term_replace ... ok
test regression::r1412_look_behind_no_replacement ... ok
test regression::r1401_look_ahead_only_matching_2 ... ok
test regression::r1380 ... ok
test regression::r1334_crazy_literals ... ok
test regression::r1573 ... ok
test regression::r128 ... FAILED
test regression::r1319 ... ok
test regression::r1334_invert_empty_patterns ... FAILED
test regression::r156 ... ok
test regression::r1446_respect_excludes_in_worktree ... ok
test regression::r1739_replacement_lineterm_match ... ok
test regression::r1203_reverse_suffix_literal ... ok
test regression::r1537 ... ok
test regression::r1389_bad_symlinks_no_biscuit ... ok
test regression::r1891 ... FAILED
test regression::r1866 ... ok
test regression::r1559 ... ok
test regression::r1765 ... ok
test regression::r16 ... ok
test regression::r1638 ... ok
test regression::r1838_nul_error_with_binary_detection ... ok
test regression::r199 ... FAILED
test regression::r206 ... FAILED
test regression::r2094 ... ok
test regression::r2095 ... ok
test regression::r2480 ... FAILED
test regression::r2208 ... ok
test regression::r2658_null_data_line_regexp ... FAILED
test regression::r228 ... ok
test regression::r25 ... FAILED
test regression::r2236 ... ok
test regression::r2198 ... ok
test regression::r184 ... ok
test regression::r251 ... FAILED
test regression::r229 ... ok
test regression::r2574 ... ok
test regression::r1878 ... ok
test regression::r3127_glob_flag_not_allow_unclosed_class ... FAILED
test regression::r3067_gitignore_error ... ok
test regression::r2944_incorrect_bytes_searched ... ok
test regression::r3173_hidden_whitelist_only_dot ... FAILED
test regression::r270 ... ok
test regression::r3139_multiline_lookahead_files_with_matches ... ok
test regression::r279 ... ok
test regression::r30 ... ok
test regression::r3127_gitignore_allow_unclosed_class ... ok
test regression::r1159_exit_status ... ok
test regression::r451_only_matching_as_in_issue ... ok
test regression::r3180_look_around_panic ... ok
test regression::r483_non_matching_exit_code ... FAILED
test regression::r428_unrecognized_style ... ok
test regression::r451_only_matching ... FAILED
test regression::r391 ... FAILED
test regression::r483_matching_no_stdout ... ok
test regression::r405 ... ok
test regression::r1868_context_passthru_override ... ok
test regression::r493 ... ok
test regression::r64 ... FAILED
test regression::r49 ... ok
test regression::r50 ... ok
test regression::r506_word_not_parenthesized ... ok
test regression::r599 ... ok
test regression::r807 ... FAILED
test regression::r829_2731 ... FAILED
test regression::r829_2747 ... FAILED
test regression::r693_context_in_contextless_mode ... ok
test regression::r553_flag ... ok
test regression::r829_original ... FAILED
test regression::r829_2933 ... FAILED
test regression::r67 ... ok
test regression::r90 ... FAILED
test regression::r2770_gitignore_error ... ok
test regression::r65 ... ok
test regression::r900 ... FAILED
test regression::r87 ... FAILED
test regression::r553_switch ... ok
test regression::r568_leading_hyphen_option_args ... ok
test regression::r3108_files_without_match_quiet_exit ... ok
test regression::r3179_global_gitignore_cwd ... ok
test regression::r99 ... ok
test regression::r829_2778 ... ok
test regression::r829_2836 ... ok
test regression::r2711 ... ok
test regression::r93 ... ok

failures:

---- binary::after_match2_implicit_text stdout ----

thread 'binary::after_match2_implicit_text' (52840) panicked at tests\util.rs:441:21:
C:\Users\kolla\AppData\Local\Temp\ripgrep-tests\after_match2_implicit_text\12: Os { code: 32, kind: Uncategorized, message: "The process cannot access the file because it is being used by another process." }
note: run with `RUST_BACKTRACE=1` environment variable to display a backtrace

---- binary::before_match1_explicit stdout ----

thread 'binary::before_match1_explicit' (41812) panicked at tests\util.rs:441:21:
C:\Users\kolla\AppData\Local\Temp\ripgrep-tests\before_match1_explicit\13: Os { code: 32, kind: Uncategorized, message: "The process cannot access the file because it is being used by another process." }

---- binary::before_match1_implicit stdout ----

thread 'binary::before_match1_implicit' (48096) panicked at tests\util.rs:441:21:
C:\Users\kolla\AppData\Local\Temp\ripgrep-tests\before_match1_implicit\14: Os { code: 32, kind: Uncategorized, message: "The process cannot access the file because it is being used by another process." }

---- binary::mmap_binary_flag stdout ----

thread 'binary::mmap_binary_flag' (26980) panicked at tests\util.rs:441:21:
C:\Users\kolla\AppData\Local\Temp\ripgrep-tests\mmap_binary_flag\22: Os { code: 32, kind: Uncategorized, message: "The process cannot access the file because it is being used by another process." }

---- binary::mmap_match_implicit stdout ----

thread 'binary::mmap_match_implicit' (54748) panicked at tests\util.rs:441:21:
C:\Users\kolla\AppData\Local\Temp\ripgrep-tests\mmap_match_implicit\25: Os { code: 32, kind: Uncategorized, message: "The process cannot access the file because it is being used by another process." }

---- binary::mmap_match_multiple stdout ----

thread 'binary::mmap_match_multiple' (12844) panicked at tests\util.rs:441:21:
C:\Users\kolla\AppData\Local\Temp\ripgrep-tests\mmap_match_multiple\26: Os { code: 32, kind: Uncategorized, message: "The process cannot access the file because it is being used by another process." }

---- feature::context_sep stdout ----

thread 'feature::context_sep' (46172) panicked at tests\util.rs:441:21:
C:\Users\kolla\AppData\Local\Temp\ripgrep-tests\context_sep\29: Os { code: 32, kind: Uncategorized, message: "The process cannot access the file because it is being used by another process." }

---- feature::f1138_no_ignore_dot stdout ----

thread 'feature::f1138_no_ignore_dot' (51992) panicked at tests\util.rs:441:21:
C:\Users\kolla\AppData\Local\Temp\ripgrep-tests\f1138_no_ignore_dot\37: Os { code: 145, kind: DirectoryNotEmpty, message: "The directory is not empty." }

---- feature::f129_context stdout ----

thread 'feature::f129_context' (32804) panicked at tests\util.rs:441:21:
C:\Users\kolla\AppData\Local\Temp\ripgrep-tests\f129_context\41: Os { code: 2, kind: NotFound, message: "The system cannot find the file specified." }

---- feature::f159_max_count_zero stdout ----

thread 'feature::f159_max_count_zero' (20232) panicked at tests\util.rs:441:21:
C:\Users\kolla\AppData\Local\Temp\ripgrep-tests\f159_max_count_zero\50: Os { code: 5, kind: PermissionDenied, message: "Access is denied." }

---- feature::f1414_no_require_git stdout ----

thread 'feature::f1414_no_require_git' (6380) panicked at tests\feature.rs:886:5:

printed outputs differ!

expected:
~~~~~~~~~~~~~~~~~~~~~~~~~~~~~~~~~~~~~~~~~~~~~~~~~~~~~~~~~~~~~~~~~~~~~~~~~~~~~~~
bar
foo

~~~~~~~~~~~~~~~~~~~~~~~~~~~~~~~~~~~~~~~~~~~~~~~~~~~~~~~~~~~~~~~~~~~~~~~~~~~~~~~

got:
~~~~~~~~~~~~~~~~~~~~~~~~~~~~~~~~~~~~~~~~~~~~~~~~~~~~~~~~~~~~~~~~~~~~~~~~~~~~~~~
bar

~~~~~~~~~~~~~~~~~~~~~~~~~~~~~~~~~~~~~~~~~~~~~~~~~~~~~~~~~~~~~~~~~~~~~~~~~~~~~~~


---- feature::f20_no_filename stdout ----

thread 'feature::f20_no_filename' (36820) panicked at tests\util.rs:441:21:
C:\Users\kolla\AppData\Local\Temp\ripgrep-tests\f20_no_filename\60: Os { code: 5, kind: PermissionDenied, message: "Access is denied." }

---- feature::f2361_sort_nested_files stdout ----

thread 'feature::f2361_sort_nested_files' (45368) panicked at tests\util.rs:441:21:
C:\Users\kolla\AppData\Local\Temp\ripgrep-tests\f2361_sort_nested_files\63: Os { code: 5, kind: PermissionDenied, message: "Access is denied." }

---- feature::f263_sort_files_reverse stdout ----

thread 'feature::f263_sort_files_reverse' (30164) panicked at tests\util.rs:441:21:
C:\Users\kolla\AppData\Local\Temp\ripgrep-tests\f263_sort_files_reverse\66\abc: Os { code: 3, kind: NotFound, message: "The system cannot find the path specified." }

---- feature::f411_parallel_quiet_search_stats stdout ----

thread 'feature::f411_parallel_quiet_search_stats' (46608) panicked at tests\util.rs:441:21:
C:\Users\kolla\AppData\Local\Temp\ripgrep-tests\f411_parallel_quiet_search_stats\72: Os { code: 5, kind: PermissionDenied, message: "Access is denied." }

---- feature::f411_parallel_search_stats stdout ----

thread 'feature::f411_parallel_search_stats' (37860) panicked at tests\util.rs:414:13:


==========
command failed but expected success!

command: "C:\\Users\\kolla\\AppData\\Local\\lrc-bench\\wt2\\target\\debug\\deps\\../rg.exe" "--path-separator" "/" "-j2" "--stats" "Sherlock"

cwd: C:\Users\kolla\AppData\Local\Temp\ripgrep-tests\f411_parallel_search_stats\73

dir list: ["C:\\Users\\kolla\\AppData\\Local\\Temp\\ripgrep-tests\\f411_parallel_search_stats\\73"]

status: exit code: 2

stdout: 
0 matches
0 matched lines
0 files contained matches
0 files searched
0 bytes printed
0 bytes searched
0.000000 seconds spent searching
0.020858 seconds total


stderr: rg: No files were searched, which means ripgrep probably applied a filter you didn't expect.
Running with --debug will show why files are being skipped.


==========


---- feature::f416_crlf_only_matching stdout ----

thread 'feature::f416_crlf_only_matching' (51092) panicked at tests\util.rs:414:13:


==========
command failed but expected success!

command: "C:\\Users\\kolla\\AppData\\Local\\lrc-bench\\wt2\\target\\debug\\deps\\../rg.exe" "--path-separator" "/" "--crlf" "-o" "Sherlock$" "sherlock"

cwd: C:\Users\kolla\AppData\Local\Temp\ripgrep-tests\f416_crlf_only_matching\78

dir list: ["C:\\Users\\kolla\\AppData\\Local\\Temp\\ripgrep-tests\\f416_crlf_only_matching\\78"]

status: exit code: 2

stdout: 

stderr: rg: sherlock: IO error for operation on sherlock: The system cannot find the file specified. (os error 2)


==========


---- feature::f917_trim_match stdout ----

thread 'feature::f917_trim_match' (27492) panicked at tests\util.rs:335:44:
called `Result::unwrap()` on an `Err` value: Os { code: 267, kind: NotADirectory, message: "The directory name is invalid." }

---- feature::f89_files_without_match stdout ----

thread 'feature::f89_files_without_match' (21924) panicked at tests\util.rs:414:13:


==========
command failed but expected success!

command: "C:\\Users\\kolla\\AppData\\Local\\lrc-bench\\wt2\\target\\debug\\deps\\../rg.exe" "--path-separator" "/" "--null" "--files-without-match" "Sherlock"

cwd: C:\Users\kolla\AppData\Local\Temp\ripgrep-tests\f89_files_without_match\91

dir list: ["C:\\Users\\kolla\\AppData\\Local\\Temp\\ripgrep-tests\\f89_files_without_match\\91"]

status: exit code: 2

stdout: 

stderr: rg: No files were searched, which means ripgrep probably applied a filter you didn't expect.
Running with --debug will show why files are being skipped.


==========


---- feature::f917_trim_max_columns_multi_only_matching stdout ----

thread 'feature::f917_trim_max_columns_multi_only_matching' (29244) panicked at tests\util.rs:414:13:


==========
command failed but expected success!

command: "C:\\Users\\kolla\\AppData\\Local\\lrc-bench\\wt2\\target\\debug\\deps\\../rg.exe" "--path-separator" "/" "--multiline" "--trim" "--max-columns-preview" "-M8" "--only-matching" "--no-filename" ".*a\\n?bc.*"

cwd: C:\Users\kolla\AppData\Local\Temp\ripgrep-tests\f917_trim_max_columns_multi_only_matching\96

dir list: ["C:\\Users\\kolla\\AppData\\Local\\Temp\\ripgrep-tests\\f917_trim_max_columns_multi_only_matching\\96"]

status: exit code: 2

stdout: 

stderr: rg: No files were searched, which means ripgrep probably applied a filter you didn't expect.
Running with --debug will show why files are being skipped.


==========


---- feature::f917_trim_max_columns_multi_standard stdout ----

thread 'feature::f917_trim_max_columns_multi_standard' (45164) panicked at tests\util.rs:414:13:


==========
command failed but expected success!

command: "C:\\Users\\kolla\\AppData\\Local\\lrc-bench\\wt2\\target\\debug\\deps\\../rg.exe" "--path-separator" "/" "--multiline" "--trim" "--max-columns-preview" "-M8" "--color=always" "--colors=path:none" "--no-filename" "a\\n?bc"

cwd: C:\Users\kolla\AppData\Local\Temp\ripgrep-tests\f917_trim_max_columns_multi_standard\98

dir list: ["C:\\Users\\kolla\\AppData\\Local\\Temp\\ripgrep-tests\\f917_trim_max_columns_multi_standard\\98"]

status: exit code: 2

stdout: 

stderr: rg: No files were searched, which means ripgrep probably applied a filter you didn't expect.
Running with --debug will show why files are being skipped.


==========


---- feature::f917_trim_max_columns_normal stdout ----

thread 'feature::f917_trim_max_columns_normal' (37236) panicked at tests\util.rs:414:13:


==========
command failed but expected success!

command: "C:\\Users\\kolla\\AppData\\Local\\lrc-bench\\wt2\\target\\debug\\deps\\../rg.exe" "--path-separator" "/" "--trim" "--max-columns-preview" "-M8" "--no-filename" "abc"

cwd: C:\Users\kolla\AppData\Local\Temp\ripgrep-tests\f917_trim_max_columns_normal\99

dir list: ["C:\\Users\\kolla\\AppData\\Local\\Temp\\ripgrep-tests\\f917_trim_max_columns_normal\\99"]

status: exit code: 2

stdout: 

stderr: rg: No files were searched, which means ripgrep probably applied a filter you didn't expect.
Running with --debug will show why files are being skipped.


==========


---- json::notutf8_file stdout ----

thread 'json::notutf8_file' (36660) panicked at tests\util.rs:441:21:
C:\Users\kolla\AppData\Local\Temp\ripgrep-tests\notutf8_file\112: Os { code: 32, kind: Uncategorized, message: "The process cannot access the file because it is being used by another process." }

---- json::replacement stdout ----

thread 'json::replacement' (7540) panicked at tests\util.rs:335:44:
called `Result::unwrap()` on an `Err` value: Os { code: 267, kind: NotADirectory, message: "The directory name is invalid." }

---- misc::compressed_lzma stdout ----

thread 'misc::compressed_lzma' (28716) panicked at tests\util.rs:441:21:
C:\Users\kolla\AppData\Local\Temp\ripgrep-tests\compressed_lzma\136: Os { code: 32, kind: Uncategorized, message: "The process cannot access the file because it is being used by another process." }

---- misc::file_types stdout ----

thread 'misc::file_types' (29092) panicked at tests\util.rs:414:13:


==========
command failed but expected success!

command: "C:\\Users\\kolla\\AppData\\Local\\lrc-bench\\wt2\\target\\debug\\deps\\../rg.exe" "--path-separator" "/" "-t" "rust" "Sherlock"

cwd: C:\Users\kolla\AppData\Local\Temp\ripgrep-tests\file_types\150

dir list: ["C:\\Users\\kolla\\AppData\\Local\\Temp\\ripgrep-tests\\file_types\\150"]

status: exit code: 2

stdout: 

stderr: rg: No files were searched, which means ripgrep probably applied a filter you didn't expect.
Running with --debug will show why files are being skipped.


==========


---- misc::ignore_generic stdout ----

thread 'misc::ignore_generic' (54884) panicked at tests\util.rs:441:21:
C:\Users\kolla\AppData\Local\Temp\ripgrep-tests\ignore_generic\162: Os { code: 32, kind: Uncategorized, message: "The process cannot access the file because it is being used by another process." }

---- misc::ignore_git stdout ----

thread 'misc::ignore_git' (54860) panicked at tests\util.rs:441:21:
C:\Users\kolla\AppData\Local\Temp\ripgrep-tests\ignore_git\163: Os { code: 32, kind: Uncategorized, message: "The process cannot access the file because it is being used by another process." }

---- misc::ignore_git_multi_root_order stdout ----

thread 'misc::ignore_git_multi_root_order' (40632) panicked at tests\util.rs:441:21:
C:\Users\kolla\AppData\Local\Temp\ripgrep-tests\ignore_git_multi_root_order\164: Os { code: 32, kind: Uncategorized, message: "The process cannot access the file because it is being used by another process." }

---- misc::ignore_git_parent_stop_file stdout ----

thread 'misc::ignore_git_parent_stop_file' (29128) panicked at tests\util.rs:441:21:
C:\Users\kolla\AppData\Local\Temp\ripgrep-tests\ignore_git_parent_stop_file\167: Os { code: 32, kind: Uncategorized, message: "The process cannot access the file because it is being used by another process." }

---- misc::ignore_git_parent_stop stdout ----

thread 'misc::ignore_git_parent_stop' (22460) panicked at tests\util.rs:441:21:
C:\Users\kolla\AppData\Local\Temp\ripgrep-tests\ignore_git_parent_stop\166: Os { code: 32, kind: Uncategorized, message: "The process cannot access the file because it is being used by another process." }

---- misc::inverted stdout ----

thread 'misc::inverted' (48236) panicked at tests\util.rs:414:13:


==========
command failed but expected success!

command: "C:\\Users\\kolla\\AppData\\Local\\lrc-bench\\wt2\\target\\debug\\deps\\../rg.exe" "--path-separator" "/" "-v" "Sherlock" "sherlock"

cwd: C:\Users\kolla\AppData\Local\Temp\ripgrep-tests\inverted\174

dir list: ["C:\\Users\\kolla\\AppData\\Local\\Temp\\ripgrep-tests\\inverted\\174"]

status: exit code: 2

stdout: 

stderr: rg: sherlock: IO error for operation on sherlock: The system cannot find the file specified. (os error 2)


==========


---- misc::no_ignore_hidden stdout ----

thread 'misc::no_ignore_hidden' (19208) panicked at tests\util.rs:441:21:
C:\Users\kolla\AppData\Local\Temp\ripgrep-tests\no_ignore_hidden\186: Os { code: 32, kind: Uncategorized, message: "The process cannot access the file because it is being used by another process." }

---- misc::no_ignore stdout ----

thread 'misc::no_ignore' (36556) panicked at tests\util.rs:441:21:
C:\Users\kolla\AppData\Local\Temp\ripgrep-tests\no_ignore\185: Os { code: 32, kind: Uncategorized, message: "The process cannot access the file because it is being used by another process." }

---- misc::file_types_all stdout ----

thread 'misc::file_types_all' (43380) panicked at tests\util.rs:414:13:


==========
command failed but expected success!

command: "C:\\Users\\kolla\\AppData\\Local\\lrc-bench\\wt2\\target\\debug\\deps\\../rg.exe" "--path-separator" "/" "-t" "all" "Sherlock"

cwd: C:\Users\kolla\AppData\Local\Temp\ripgrep-tests\file_types_all\151

dir list: ["C:\\Users\\kolla\\AppData\\Local\\Temp\\ripgrep-tests\\file_types_all\\151"]

status: exit code: 2

stdout: 

stderr: rg: No files were searched, which means ripgrep probably applied a filter you didn't expect.
Running with --debug will show why files are being skipped.


==========


---- misc::single_file stdout ----

thread 'misc::single_file' (48096) panicked at tests\util.rs:414:13:


==========
command failed but expected success!

command: "C:\\Users\\kolla\\AppData\\Local\\lrc-bench\\wt2\\target\\debug\\deps\\../rg.exe" "--path-separator" "/" "Sherlock" "sherlock"

cwd: C:\Users\kolla\AppData\Local\Temp\ripgrep-tests\single_file\195

dir list: ["C:\\Users\\kolla\\AppData\\Local\\Temp\\ripgrep-tests\\single_file\\195"]

status: exit code: 2

stdout: 

stderr: rg: sherlock: IO error for operation on sherlock: The system cannot find the file specified. (os error 2)


==========


---- misc::sort_accessed stdout ----

thread 'misc::sort_accessed' (712) panicked at tests\util.rs:441:21:
C:\Users\kolla\AppData\Local\Temp\ripgrep-tests\sort_accessed\196\dir\c: Os { code: 3, kind: NotFound, message: "The system cannot find the path specified." }

---- misc::word stdout ----

thread 'misc::word' (34324) panicked at tests\util.rs:441:21:
C:\Users\kolla\AppData\Local\Temp\ripgrep-tests\word\210: Os { code: 32, kind: Uncategorized, message: "The process cannot access the file because it is being used by another process." }

---- regression::f1757 stdout ----

thread 'regression::f1757' (27872) panicked at tests\util.rs:441:21:
C:\Users\kolla\AppData\Local\Temp\ripgrep-tests\f1757\220: Os { code: 32, kind: Uncategorized, message: "The process cannot access the file because it is being used by another process." }

---- regression::r1173 stdout ----

thread 'regression::r1173' (46108) panicked at tests\util.rs:441:21:
C:\Users\kolla\AppData\Local\Temp\ripgrep-tests\r1173\230: Os { code: 32, kind: Uncategorized, message: "The process cannot access the file because it is being used by another process." }

---- regression::r1164 stdout ----

thread 'regression::r1164' (45948) panicked at tests\util.rs:441:21:
C:\Users\kolla\AppData\Local\Temp\ripgrep-tests\r1164\229: Os { code: 32, kind: Uncategorized, message: "The process cannot access the file because it is being used by another process." }

---- regression::r1259_drop_last_byte_nonl stdout ----

thread 'regression::r1259_drop_last_byte_nonl' (51744) panicked at tests\util.rs:414:13:


==========
command failed but expected success!

command: "C:\\Users\\kolla\\AppData\\Local\\lrc-bench\\wt2\\target\\debug\\deps\\../rg.exe" "--path-separator" "/" "-f" "patterns-nonl" "test"

cwd: C:\Users\kolla\AppData\Local\Temp\ripgrep-tests\r1259_drop_last_byte_nonl\236

dir list: ["C:\\Users\\kolla\\AppData\\Local\\Temp\\ripgrep-tests\\r1259_drop_last_byte_nonl\\236"]

status: exit code: 2

stdout: 

stderr: rg: patterns-nonl: The system cannot find the file specified. (os error 2)


==========


---- regression::r127 stdout ----

thread 'regression::r127' (26188) panicked at tests\util.rs:414:13:


==========
command failed but expected success!

command: "C:\\Users\\kolla\\AppData\\Local\\lrc-bench\\wt2\\target\\debug\\deps\\../rg.exe" "--path-separator" "/" "Sherlock"

cwd: C:\Users\kolla\AppData\Local\Temp\ripgrep-tests\r127\237

dir list: ["C:\\Users\\kolla\\AppData\\Local\\Temp\\ripgrep-tests\\r127\\237"]

status: exit code: 2

stdout: 

stderr: rg: No files were searched, which means ripgrep probably applied a filter you didn't expect.
Running with --debug will show why files are being skipped.


==========


---- regression::r128 stdout ----

thread 'regression::r128' (5412) panicked at tests\util.rs:414:13:


==========
command failed but expected success!

command: "C:\\Users\\kolla\\AppData\\Local\\lrc-bench\\wt2\\target\\debug\\deps\\../rg.exe" "--path-separator" "/" "-n" "x"

cwd: C:\Users\kolla\AppData\Local\Temp\ripgrep-tests\r128\238

dir list: ["C:\\Users\\kolla\\AppData\\Local\\Temp\\ripgrep-tests\\r128\\238"]

status: exit code: 2

stdout: 

stderr: rg: No files were searched, which means ripgrep probably applied a filter you didn't expect.
Running with --debug will show why files are being skipped.


==========


---- regression::r1334_invert_empty_patterns stdout ----

thread 'regression::r1334_invert_empty_patterns' (21472) panicked at tests\util.rs:414:13:


==========
command failed but expected success!

command: "C:\\Users\\kolla\\AppData\\Local\\lrc-bench\\wt2\\target\\debug\\deps\\../rg.exe" "--path-separator" "/" "-f" "one-pattern" "haystack"

cwd: C:\Users\kolla\AppData\Local\Temp\ripgrep-tests\r1334_invert_empty_patterns\243

dir list: ["C:\\Users\\kolla\\AppData\\Local\\Temp\\ripgrep-tests\\r1334_invert_empty_patterns\\243"]

status: exit code: 2

stdout: 

stderr: rg: one-pattern: The system cannot find the file specified. (os error 2)


==========


---- regression::r1891 stdout ----

thread 'regression::r1891' (36880) panicked at tests\util.rs:335:44:
called `Result::unwrap()` on an `Err` value: Os { code: 267, kind: NotADirectory, message: "The directory name is invalid." }

---- regression::r199 stdout ----

thread 'regression::r199' (32456) panicked at tests\util.rs:414:13:


==========
command failed but expected success!

command: "C:\\Users\\kolla\\AppData\\Local\\lrc-bench\\wt2\\target\\debug\\deps\\../rg.exe" "--path-separator" "/" "--smart-case" "\\btest\\b"

cwd: C:\Users\kolla\AppData\Local\Temp\ripgrep-tests\r199\264

dir list: ["C:\\Users\\kolla\\AppData\\Local\\Temp\\ripgrep-tests\\r199\\264"]

status: exit code: 2

stdout: 

stderr: rg: No files were searched, which means ripgrep probably applied a filter you didn't expect.
Running with --debug will show why files are being skipped.


==========


---- regression::r206 stdout ----

thread 'regression::r206' (45832) panicked at tests\util.rs:414:13:


==========
command failed but expected success!

command: "C:\\Users\\kolla\\AppData\\Local\\lrc-bench\\wt2\\target\\debug\\deps\\../rg.exe" "--path-separator" "/" "test" "-g" "*.txt"

cwd: C:\Users\kolla\AppData\Local\Temp\ripgrep-tests\r206\265

dir list: ["C:\\Users\\kolla\\AppData\\Local\\Temp\\ripgrep-tests\\r206\\265"]

status: exit code: 2

stdout: 

stderr: rg: No files were searched, which means ripgrep probably applied a filter you didn't expect.
Running with --debug will show why files are being skipped.


==========


---- regression::r2480 stdout ----

thread 'regression::r2480' (42244) panicked at tests\util.rs:414:13:


==========
command failed but expected success!

command: "C:\\Users\\kolla\\AppData\\Local\\lrc-bench\\wt2\\target\\debug\\deps\\../rg.exe" "--path-separator" "/" "-e" "" "file"

cwd: C:\Users\kolla\AppData\Local\Temp\ripgrep-tests\r2480\273

dir list: ["C:\\Users\\kolla\\AppData\\Local\\Temp\\ripgrep-tests\\r2480\\273"]

status: exit code: 2

stdout: 

stderr: rg: file: IO error for operation on file: The system cannot find the file specified. (os error 2)


==========


---- regression::r2658_null_data_line_regexp stdout ----

thread 'regression::r2658_null_data_line_regexp' (36912) panicked at tests\util.rs:441:21:
C:\Users\kolla\AppData\Local\Temp\ripgrep-tests\r2658_null_data_line_regexp\277: Os { code: 32, kind: Uncategorized, message: "The process cannot access the file because it is being used by another process." }

---- regression::r25 stdout ----

thread 'regression::r25' (9636) panicked at tests\util.rs:414:13:


==========
command failed but expected success!

command: "C:\\Users\\kolla\\AppData\\Local\\lrc-bench\\wt2\\target\\debug\\deps\\../rg.exe" "--path-separator" "/" "test"

cwd: C:\Users\kolla\AppData\Local\Temp\ripgrep-tests\r25\274

dir list: ["C:\\Users\\kolla\\AppData\\Local\\Temp\\ripgrep-tests\\r25\\274"]

status: exit code: 2

stdout: 

stderr: rg: No files were searched, which means ripgrep probably applied a filter you didn't expect.
Running with --debug will show why files are being skipped.


==========


---- regression::r251 stdout ----

thread 'regression::r251' (29804) panicked at tests\util.rs:414:13:


==========
command failed but expected success!

command: "C:\\Users\\kolla\\AppData\\Local\\lrc-bench\\wt2\\target\\debug\\deps\\../rg.exe" "--path-separator" "/" "-i" "привет"

cwd: C:\Users\kolla\AppData\Local\Temp\ripgrep-tests\r251\275

dir list: ["C:\\Users\\kolla\\AppData\\Local\\Temp\\ripgrep-tests\\r251\\275"]

status: exit code: 2

stdout: 

stderr: rg: No files were searched, which means ripgrep probably applied a filter you didn't expect.
Running with --debug will show why files are being skipped.


==========


---- regression::r3127_glob_flag_not_allow_unclosed_class stdout ----

thread 'regression::r3127_glob_flag_not_allow_unclosed_class' (49196) panicked at tests\util.rs:441:21:
C:\Users\kolla\AppData\Local\Temp\ripgrep-tests\r3127_glob_flag_not_allow_unclosed_class\287: Os { code: 32, kind: Uncategorized, message: "The process cannot access the file because it is being used by another process." }

---- regression::r3173_hidden_whitelist_only_dot stdout ----

thread 'regression::r3173_hidden_whitelist_only_dot' (49116) panicked at tests\util.rs:441:21:
C:\Users\kolla\AppData\Local\Temp\ripgrep-tests\r3173_hidden_whitelist_only_dot\288: Os { code: 32, kind: Uncategorized, message: "The process cannot access the file because it is being used by another process." }

---- regression::r483_non_matching_exit_code stdout ----

thread 'regression::r483_non_matching_exit_code' (32416) panicked at tests\util.rs:441:21:
C:\Users\kolla\AppData\Local\Temp\ripgrep-tests\r483_non_matching_exit_code\298: Os { code: 32, kind: Uncategorized, message: "The process cannot access the file because it is being used by another process." }

---- regression::r451_only_matching stdout ----

thread 'regression::r451_only_matching' (45080) panicked at tests\util.rs:414:13:


==========
command failed but expected success!

command: "C:\\Users\\kolla\\AppData\\Local\\lrc-bench\\wt2\\target\\debug\\deps\\../rg.exe" "--path-separator" "/" "--only-matching" "--column" "[0-9]" "digits.txt"

cwd: C:\Users\kolla\AppData\Local\Temp\ripgrep-tests\r451_only_matching\295

dir list: ["C:\\Users\\kolla\\AppData\\Local\\Temp\\ripgrep-tests\\r451_only_matching\\295"]

status: exit code: 2

stdout: 

stderr: rg: digits.txt: IO error for operation on digits.txt: The system cannot find the file specified. (os error 2)


==========


---- regression::r391 stdout ----

thread 'regression::r391' (33100) panicked at tests\util.rs:414:13:


==========
command failed but expected success!

Did your search end up with no results?

command: "C:\\Users\\kolla\\AppData\\Local\\lrc-bench\\wt2\\target\\debug\\deps\\../rg.exe" "--path-separator" "/" "--no-ignore" "--hidden" "--follow" "--files" "--glob" "!{.git,node_modules,plugged}/**" "--glob" "*.{js,json,php,md,styl,scss,sass,pug,html,config,py,cpp,c,go,hs}"

cwd: C:\Users\kolla\AppData\Local\Temp\ripgrep-tests\r391\292

dir list: ["C:\\Users\\kolla\\AppData\\Local\\Temp\\ripgrep-tests\\r391\\292"]

status: exit code: 1

stdout: 

stderr: 

==========


---- regression::r64 stdout ----

thread 'regression::r64' (13660) panicked at tests\util.rs:441:21:
C:\Users\kolla\AppData\Local\Temp\ripgrep-tests\r64\307: Os { code: 32, kind: Uncategorized, message: "The process cannot access the file because it is being used by another process." }

---- regression::r807 stdout ----

thread 'regression::r807' (44100) panicked at tests\util.rs:441:21:
C:\Users\kolla\AppData\Local\Temp\ripgrep-tests\r807\311: Os { code: 32, kind: Uncategorized, message: "The process cannot access the file because it is being used by another process." }

---- regression::r829_2731 stdout ----

thread 'regression::r829_2731' (51916) panicked at tests\util.rs:441:21:
C:\Users\kolla\AppData\Local\Temp\ripgrep-tests\r829_2731\312: Os { code: 32, kind: Uncategorized, message: "The process cannot access the file because it is being used by another process." }

---- regression::r829_2747 stdout ----

thread 'regression::r829_2747' (27204) panicked at tests\util.rs:441:21:
C:\Users\kolla\AppData\Local\Temp\ripgrep-tests\r829_2747\313: Os { code: 32, kind: Uncategorized, message: "The process cannot access the file because it is being used by another process." }

---- regression::r829_original stdout ----

thread 'regression::r829_original' (39308) panicked at tests\util.rs:441:21:
C:\Users\kolla\AppData\Local\Temp\ripgrep-tests\r829_original\317: Os { code: 32, kind: Uncategorized, message: "The process cannot access the file because it is being used by another process." }

---- regression::r829_2933 stdout ----

thread 'regression::r829_2933' (45856) panicked at tests\util.rs:441:21:
C:\Users\kolla\AppData\Local\Temp\ripgrep-tests\r829_2933\316: Os { code: 32, kind: Uncategorized, message: "The process cannot access the file because it is being used by another process." }

---- regression::r90 stdout ----

thread 'regression::r90' (49992) panicked at tests\util.rs:441:21:
C:\Users\kolla\AppData\Local\Temp\ripgrep-tests\r90\319: Os { code: 32, kind: Uncategorized, message: "The process cannot access the file because it is being used by another process." }

---- regression::r900 stdout ----

thread 'regression::r900' (35800) panicked at tests\util.rs:441:21:
C:\Users\kolla\AppData\Local\Temp\ripgrep-tests\r900\320: Os { code: 32, kind: Uncategorized, message: "The process cannot access the file because it is being used by another process." }

---- regression::r87 stdout ----

thread 'regression::r87' (34032) panicked at tests\util.rs:441:21:
C:\Users\kolla\AppData\Local\Temp\ripgrep-tests\r87\318: Os { code: 32, kind: Uncategorized, message: "The process cannot access the file because it is being used by another process." }


failures:
    binary::after_match2_implicit_text
    binary::before_match1_explicit
    binary::before_match1_implicit
    binary::mmap_binary_flag
    binary::mmap_match_implicit
    binary::mmap_match_multiple
    feature::context_sep
    feature::f1138_no_ignore_dot
    feature::f129_context
    feature::f1414_no_require_git
    feature::f159_max_count_zero
    feature::f20_no_filename
    feature::f2361_sort_nested_files
    feature::f263_sort_files_reverse
    feature::f411_parallel_quiet_search_stats
    feature::f411_parallel_search_stats
    feature::f416_crlf_only_matching
    feature::f89_files_without_match
    feature::f917_trim_match
    feature::f917_trim_max_columns_multi_only_matching
    feature::f917_trim_max_columns_multi_standard
    feature::f917_trim_max_columns_normal
    json::notutf8_file
    json::replacement
    misc::compressed_lzma
    misc::file_types
    misc::file_types_all
    misc::ignore_generic
    misc::ignore_git
    misc::ignore_git_multi_root_order
    misc::ignore_git_parent_stop
    misc::ignore_git_parent_stop_file
    misc::inverted
    misc::no_ignore
    misc::no_ignore_hidden
    misc::single_file
    misc::sort_accessed
    misc::word
    regression::f1757
    regression::r1164
    regression::r1173
    regression::r1259_drop_last_byte_nonl
    regression::r127
    regression::r128
    regression::r1334_invert_empty_patterns
    regression::r1891
    regression::r199
    regression::r206
    regression::r2480
    regression::r25
    regression::r251
    regression::r2658_null_data_line_regexp
    regression::r3127_glob_flag_not_allow_unclosed_class
    regression::r3173_hidden_whitelist_only_dot
    regression::r391
    regression::r451_only_matching
    regression::r483_non_matching_exit_code
    regression::r64
    regression::r807
    regression::r829_2731
    regression::r829_2747
    regression::r829_2933
    regression::r829_original
    regression::r87
    regression::r90
    regression::r900

test result: FAILED. 257 passed; 66 failed; 0 ignored; 0 measured; 0 filtered out; finished in 7.94s

error: test failed, to rerun pass `--test integration`
