    Blocking waiting for file lock on package cache
    Blocking waiting for file lock on package cache
    Blocking waiting for file lock on package cache
   Compiling memchr v2.8.3
   Compiling regex-syntax v0.8.11
   Compiling windows-link v0.2.1
   Compiling log v0.4.33
   Compiling serde_core v1.0.228
   Compiling zmij v1.0.23
   Compiling cfg-if v1.0.4
   Compiling crossbeam-utils v0.8.22
   Compiling serde v1.0.228
   Compiling serde_json v1.0.150
   Compiling crossbeam-epoch v0.9.20
   Compiling memmap2 v0.9.11
   Compiling windows-sys v0.61.2
   Compiling encoding_rs v0.8.35
   Compiling itoa v1.0.18
   Compiling crossbeam-deque v0.8.7
   Compiling anyhow v1.0.103
   Compiling ripgrep v15.2.0 (C:\Users\USERNAME\AppData\Local\lrc-bench\wt1)
   Compiling lexopt v0.3.2
   Compiling textwrap v0.16.2
   Compiling winapi-util v0.1.11
   Compiling aho-corasick v1.1.4
   Compiling grep-matcher v0.1.9 (C:\Users\USERNAME\AppData\Local\lrc-bench\wt1\crates\matcher)
   Compiling encoding_rs_io v0.1.7
   Compiling termcolor v1.4.1
   Compiling same-file v1.0.6
   Compiling walkdir v2.5.0
   Compiling regex-automata v0.4.15
   Compiling bstr v1.13.0
   Compiling globset v0.4.19 (C:\Users\USERNAME\AppData\Local\lrc-bench\wt1\crates\globset)
   Compiling grep-searcher v0.1.17 (C:\Users\USERNAME\AppData\Local\lrc-bench\wt1\crates\searcher)
   Compiling grep-regex v0.1.14 (C:\Users\USERNAME\AppData\Local\lrc-bench\wt1\crates\regex)
   Compiling grep-cli v0.1.12 (C:\Users\USERNAME\AppData\Local\lrc-bench\wt1\crates\cli)
   Compiling ignore v0.4.29 (C:\Users\USERNAME\AppData\Local\lrc-bench\wt1\crates\ignore)
   Compiling grep-printer v0.3.1 (C:\Users\USERNAME\AppData\Local\lrc-bench\wt1\crates\printer)
   Compiling grep v0.4.1 (C:\Users\USERNAME\AppData\Local\lrc-bench\wt1\crates\grep)
    Finished `dev` profile [unoptimized + debuginfo] target(s) in 59.31s
    Blocking waiting for file lock on package cache
    Blocking waiting for file lock on package cache
    Blocking waiting for file lock on package cache
    Blocking waiting for file lock on package cache
   Compiling proc-macro2 v1.0.106
   Compiling unicode-ident v1.0.24
   Compiling quote v1.0.46
   Compiling syn v2.0.119
   Compiling serde_derive v1.0.228
   Compiling ripgrep v15.2.0 (C:\Users\USERNAME\AppData\Local\lrc-bench\wt1)
warning: method `env` is never used
   --> tests\util.rs:278:12
    |
255 | impl TestCommand {
    | ---------------- method in this implementation
...
278 |     pub fn env(
    |            ^^^
    |
    = note: `#[warn(dead_code)]` (part of `#[warn(unused)]`) on by default

warning: `ripgrep` (test "integration") generated 1 warning
    Finished `test` profile [unoptimized + debuginfo] target(s) in 22.94s
     Running unittests crates\core\main.rs (target\debug\deps\rg-ff2a6bef784b8b22.exe)

running 114 tests
test flags::config::tests::error ... ok
test flags::config::tests::basic ... ok
test flags::defs::test_block_buffered ... ok
test flags::defs::test_column ... ok
test flags::defs::test_binary ... ok
test flags::defs::test_byte_offset ... ok
test flags::defs::test_auto_hybrid_regex ... ok
test flags::defs::test_color ... ok
test flags::defs::test_case_sensitive ... ok
test flags::defs::test_before_context ... ok
test flags::defs::test_after_context ... ok
test flags::defs::test_colors ... ok
test flags::defs::test_context ... ok
test flags::defs::test_context_separator ... ok
test flags::defs::test_count ... ok
test flags::defs::test_count_matches ... ok
test flags::defs::test_crlf ... ok
test flags::defs::test_debug ... ok
test flags::defs::test_dfa_size_limit ... ok
test flags::defs::test_encoding ... ok
test flags::defs::test_engine ... ok
test flags::defs::test_field_context_separator ... ok
test flags::defs::test_field_match_separator ... ok
test flags::defs::test_files ... ok
test flags::defs::test_file ... ok
test flags::defs::test_files_with_matches ... ok
test flags::defs::test_files_without_match ... ok
test flags::defs::test_fixed_strings ... ok
test flags::defs::test_follow ... ok
test flags::defs::test_generate ... ok
test flags::defs::test_glob ... ok
test flags::defs::test_glob_case_insensitive ... ok
test flags::defs::test_heading ... ok
test flags::defs::test_help ... ok
test flags::defs::test_hidden ... ok
test flags::defs::test_hostname_bin ... ok
test flags::defs::test_iglob ... ok
test flags::defs::test_hyperlink_format ... ok
test flags::defs::test_ignore_case ... ok
test flags::defs::test_ignore_file ... ok
test flags::defs::test_ignore_file_case_insensitive ... ok
test flags::defs::test_include_zero ... ok
test flags::defs::test_invert_match ... ok
test flags::defs::test_json ... ok
test flags::defs::test_line_buffered ... ok
test flags::defs::test_line_number ... ok
test flags::defs::test_line_regexp ... ok
test flags::defs::test_max_columns ... ok
test flags::defs::test_max_columns_preview ... ok
test flags::defs::test_max_count ... ok
test flags::defs::test_max_depth ... ok
test flags::defs::test_max_filesize ... ok
test flags::defs::test_mmap ... ok
test flags::defs::test_multiline ... ok
test flags::defs::test_multiline_dotall ... ok
test flags::defs::test_no_config ... ok
test flags::defs::test_no_ignore ... ok
test flags::defs::test_no_ignore_dot ... ok
test flags::defs::test_no_ignore_exclude ... ok
test flags::defs::test_no_ignore_files ... ok
test flags::defs::test_no_ignore_global ... ok
test flags::defs::test_no_ignore_messages ... ok
test flags::defs::test_no_ignore_parent ... ok
test flags::defs::test_no_ignore_vcs ... ok
test flags::defs::test_no_line_number ... ok
test flags::defs::test_no_messages ... ok
test flags::defs::test_no_pcre2_unicode ... ok
test flags::defs::test_null ... ok
test flags::defs::test_passthru ... ok
test flags::defs::test_only_matching ... ok
test flags::defs::test_no_unicode ... ok
test flags::defs::test_null_data ... ok
test flags::defs::test_one_file_system ... ok
test flags::defs::test_path_separator ... ok
test flags::defs::test_pcre2 ... ok
test flags::defs::test_no_require_git ... ok
test flags::defs::test_pcre2_version ... ok
test flags::defs::test_pre ... ok
test flags::defs::test_pre_glob ... ok
test flags::defs::test_pretty ... ok
test flags::defs::test_quiet ... ok
test flags::defs::test_regex_size_limit ... ok
test flags::defs::test_replace ... ok
test flags::defs::test_search_zip ... ok
test flags::defs::test_regexp ... ok
test flags::defs::test_sort_files ... ok
test flags::defs::test_sortr ... ok
test flags::defs::test_sort ... ok
test flags::defs::test_stats ... ok
test flags::defs::test_stop_on_nonmatch ... ok
test flags::defs::test_smart_case ... ok
test flags::defs::test_trim ... ok
test flags::defs::test_trace ... ok
test flags::defs::test_text ... ok
test flags::defs::test_type_add ... ok
test flags::defs::test_type_list ... ok
test flags::defs::test_threads ... ok
test flags::defs::test_type_clear ... ok
test flags::defs::test_type ... ok
test flags::defs::test_unrestricted ... ok
test flags::defs::test_type_not ... ok
test flags::defs::test_version ... ok
test flags::defs::test_vimgrep ... ok
test flags::defs::test_with_filename ... ok
test flags::defs::test_with_filename_no ... ok
test flags::defs::test_word_regexp ... ok
test flags::defs::tests::available_shorts ... ok
test flags::defs::tests::choices_ascii_alphanumeric ... ok
test flags::defs::tests::longs_all_ascii_alphanumeric ... ok
test flags::defs::tests::non_switches_have_variable_names ... ok
test flags::defs::tests::longs_no_duplicates ... ok
test flags::defs::tests::shorts_all_ascii_alphanumeric ... ok
test flags::defs::tests::shorts_no_duplicates ... ok
test flags::defs::tests::switches_have_no_choices ... ok

test result: ok. 114 passed; 0 failed; 0 ignored; 0 measured; 0 filtered out; finished in 0.01s

     Running tests\tests.rs (target\debug\deps\integration-b6b4df7f4f523614.exe)

running 323 tests
test binary::after_match1_implicit_quiet ... ok
test binary::after_match1_stdin ... ok
test binary::after_match1_implicit_path ... ok
test binary::after_match1_implicit_text ... ok
test binary::after_match1_explicit ... ok
test binary::after_match1_explicit_text ... ok
test binary::after_match1_implicit ... ok
test binary::after_match1_implicit_binary ... ok
test binary::after_match1_implicit_count ... ok
test binary::after_match2_implicit ... ok
test binary::before_match2_implicit_text ... FAILED
test binary::after_match1_explicit_count ... ok
test binary::after_match1_implicit_count_binary ... ok
test binary::after_match2_implicit_text ... ok
test binary::before_match1_explicit ... ok
test binary::before_match2_explicit ... ok
test binary::before_match1_implicit ... ok
test binary::before_match1_implicit_binary ... ok
test binary::before_match1_implicit_text ... ok
test binary::mmap_after_nul_match ... ok
test binary::mmap_match_explicit ... ok
test binary::before_match2_implicit ... ok
test binary::mmap_binary_flag ... ok
test binary::mmap_match_count ... ok
test binary::mmap_match_multiple ... FAILED
test feature::context_sep ... FAILED
test feature::f109_max_depth ... FAILED
test binary::mmap_match_implicit ... FAILED
test feature::f1155_auto_hybrid_regex ... ok
test binary::mmap_text_flag ... ok
test binary::mmap_match_near_nul ... ok
test feature::context_sep_default ... ok
test feature::f1078_max_columns_preview1 ... ok
test feature::context_sep_empty ... ok
test feature::f109_case_sensitive_part2 ... ok
test feature::f1078_max_columns_preview2 ... ok
test feature::f1414_no_require_git ... FAILED
test feature::f1207_ignore_encoding ... ok
test feature::f1207_auto_encoding ... ok
test feature::f109_case_sensitive_part1 ... ok
test feature::f129_matches ... ok
test feature::f129_context ... ok
test feature::f129_replace ... ok
test feature::f1138_no_ignore_dot ... FAILED
test binary::matching_files_inconsistent_with_count ... ok
test feature::f159_max_count ... ok
test feature::f159_max_count_zero ... ok
test feature::f1404_nothing_searched_warning ... ok
test feature::f1420_no_ignore_exclude ... ok
test feature::f1_unknown_encoding ... ok
test feature::f1_replacement_encoding ... ok
test feature::f1_eucjp ... ok
test feature::f1404_nothing_searched_ignored ... ok
test feature::f196_persistent_config ... ok
test feature::f1_sjis ... ok
test feature::f1_utf16_auto ... ok
test feature::f1_utf16_explicit ... ok
test feature::f20_no_filename ... ok
test feature::f2288_context_partial_override ... ok
test feature::f2288_context_partial_override_rev ... ok
test feature::f263_sort_files_reverse ... ok
test feature::f243_column_line ... ok
test feature::f362_exceeds_regex_size_limit ... ok
test feature::f263_sort_files ... ok
test feature::f275_pathsep ... ok
test feature::f411_parallel_search_stats ... FAILED
test feature::f34_only_matching ... ok
test feature::f362_dfa_size_limit ... ok
test feature::f411_parallel_quiet_search_stats ... ok
test feature::f34_only_matching_line_column ... ok
test feature::f416_crlf_only_matching ... FAILED
test feature::f1842_field_context_separator ... ok
test feature::f411_single_threaded_quiet_search_stats ... ok
test feature::f416_crlf ... ok
test feature::f411_single_threaded_search_stats ... ok
test feature::f1842_field_match_separator ... ok
test feature::f1466_no_ignore_files ... ok
test feature::f7 ... ok
test feature::f416_crlf_multiline ... ok
test feature::f45_precedence_internal ... ok
test feature::f89_files_without_match ... FAILED
test feature::f89_match ... FAILED
test feature::f2361_sort_nested_files ... FAILED
test feature::f45_precedence_with_others ... ok
test feature::f419_zero_as_shortcut_for_null ... ok
test feature::f68_no_ignore_vcs ... ok
test feature::f7_stdin ... ok
test feature::f89_count ... ok
test feature::f70_smart_case ... ok
test feature::f89_files ... ok
test feature::f917_trim_max_columns_multi_standard ... FAILED
test feature::f917_trim ... ok
test feature::f917_trim_match ... ok
test feature::f89_files_with_matches ... ok
test feature::f917_trim_max_columns_matches ... ok
test feature::f45_relative_cwd ... ok
test feature::f993_null_data ... ok
test feature::f917_trim_max_columns_multi_only_matching ... FAILED
test feature::f917_trim_max_columns_multi_per_match ... ok
test feature::f917_trim_max_columns_normal ... FAILED
test feature::f948_exit_code_match ... FAILED
test feature::f948_exit_code_error ... ok
test feature::f917_trim_multi_standard ... ok
test feature::no_context_sep_overridden ... ok
test feature::f948_exit_code_no_match ... ok
test feature::no_context_sep ... ok
test feature::no_context_sep_overrides ... ok
test json::basic ... ok
test json::r1412_look_behind_match_missing ... ok
test feature::f740_passthru ... ok
test json::crlf ... ok
test feature::no_unicode ... ok
test feature::stop_on_nonmatch ... ok
test json::notutf8_file ... FAILED
test misc::after_context ... ok
test json::quiet_stats ... ok
test json::replacement ... ok
test misc::after_context_line_numbers ... ok
test misc::before_context ... ok
test misc::binary_convert ... ok
test misc::binary_convert_mmap ... ok
test misc::before_context_line_numbers ... ok
test misc::binary_quit ... ok
test misc::binary_quit_mmap ... ok
test json::r1095_crlf_empty_match ... ok
test misc::compressed_lz4 ... ok
test misc::binary_search_mmap ... ok
test misc::compressed_uncompress ... ok
test json::r1095_missing_crlf ... ok
test misc::compressed_zstd ... ok
test misc::binary_search_no_mmap ... ok
test misc::case_insensitive ... ok
test misc::columns ... ok
test misc::byte_offset_only_matching ... ok
test misc::context ... ok
test misc::dir ... FAILED
test misc::context_line_numbers ... ok
test misc::count ... ok
test misc::count_matches_via_only ... ok
test misc::count_matches_inverted ... ok
test misc::compressed_bzip2 ... ok
test misc::file_types ... FAILED
test misc::count_matches ... ok
test misc::compressed_brotli ... ok
test misc::file_type_add ... ok
test misc::file_type_clear ... ok
test misc::files ... FAILED
test misc::compressed_failing_gzip ... ok
test misc::glob ... FAILED
test misc::file_type_add_compose ... ok
test misc::compressed_gzip ... ok
test misc::files_without_match ... ok
test misc::files_with_matches ... ok
test misc::file_types_negate ... ok
test misc::glob_case_sensitive ... FAILED
test misc::glob_case_insensitive ... ok
test misc::glob_always_case_insensitive ... ok
test misc::glob_negate ... ok
test misc::ignore_git ... ok
test misc::ignore_generic ... ok
test misc::ignore_git_parent_stop ... ok
test misc::ignore_git_multi_root_order ... FAILED
test misc::ignore_git_parent_stop_file ... ok
test misc::ignore_ripgrep_parent_no_stop ... FAILED
test misc::inverted ... FAILED
test misc::compressed_lzma ... ok
test misc::ignore_hidden ... ok
test misc::ignore_git_parent ... ok
test misc::ignore_rgignore_multi_root_order ... FAILED
test misc::max_filesize_parse_error_length ... ok
test misc::literal ... ok
test misc::max_filesize_parse_error_suffix ... ok
test misc::ignore_ripgrep ... ok
test misc::compressed_xz ... ok
test misc::line_numbers ... ok
test misc::line ... ok
test misc::inverted_line_numbers ... ok
test misc::max_filesize_suffix_overflow ... ok
test misc::max_filesize_parse_m_suffix ... ok
test misc::no_ignore ... FAILED
test misc::max_filesize_parse_k_suffix ... ok
test misc::max_filesize_parse_no_suffix ... ok
test misc::include_zero_override ... ok
test misc::quiet ... ok
test misc::replace ... ok
test misc::single_file ... FAILED
test misc::replace_named_groups ... ok
test misc::no_ignore_hidden ... ok
test misc::include_zero ... ok
test misc::replace_groups ... ok
test misc::file_types_negate_all ... ok
test misc::file_types_all ... FAILED
test misc::no_parent_ignore_git ... ok
test misc::preprocessing ... ok
test misc::unrestricted1 ... ok
test misc::preprocessing_glob ... ok
test misc::type_list ... ok
test misc::with_heading ... FAILED
test misc::vimgrep ... ok
test misc::unrestricted3 ... ok
test misc::replace_with_only_matching ... ok
test misc::symlink_nofollow ... ok
test misc::unrestricted2 ... ok
test misc::with_filename ... ok
test misc::vimgrep_no_line_no_column ... ok
test multiline::dot_all ... ok
test multiline::context ... ok
test misc::word ... ok
test misc::vimgrep_no_line ... ok
test misc::word_period ... ok
test misc::with_heading_default ... ok
test multiline::dot_no_newline ... ok
test multiline::vimgrep ... ok
test multiline::overlap2 ... ok
test regression::r1098 ... FAILED
test multiline::stdin ... ok
test multiline::only_matching ... ok
test regression::r1159_invalid_flag ... FAILED
test multiline::overlap1 ... ok
test regression::r1173 ... FAILED
test misc::sort_files ... ok
test misc::sortr_accessed ... ok
test misc::sort_accessed ... ok
test regression::r1163 ... ok
test regression::r1176_line_regex ... FAILED
test regression::r1203_reverse_suffix_literal ... FAILED
test regression::r105_part2 ... ok
test regression::r1259_drop_last_byte_nonl ... FAILED
test regression::r1176_literal_file ... ok
test regression::r127 ... FAILED
test regression::r1311_multi_line_term_replace ... FAILED
test regression::r128 ... FAILED
test regression::r131 ... FAILED
test regression::r1064 ... ok
test regression::r1174 ... ok
test regression::r105_part1 ... ok
test regression::r1401_look_ahead_only_matching_1 ... ok
test regression::r1401_look_ahead_only_matching_2 ... ok
test regression::r1412_look_behind_no_replacement ... ok
test regression::r1334_crazy_literals ... ok
test regression::r1130 ... ok
test regression::r1380 ... ok
test regression::r1446_respect_excludes_in_worktree ... ok
test regression::r1573 ... ok
test regression::r1389_bad_symlinks_no_biscuit ... ok
test regression::r1223_no_dir_check_for_default_path ... ok
test regression::r16 ... FAILED
test regression::r1537 ... FAILED
test regression::r1164 ... FAILED
test regression::r1319 ... ok
test regression::r1559 ... ok
test regression::r156 ... ok
test regression::r1638 ... ok
test regression::r199 ... FAILED
test regression::r206 ... FAILED
test regression::r1739_replacement_lineterm_match ... ok
test regression::r1765 ... ok
test regression::r1866 ... ok
test regression::r1334_invert_empty_patterns ... ok
test regression::r1838_nul_error_with_binary_detection ... ok
test regression::r1891 ... ok
test regression::r229 ... FAILED
test regression::r2480 ... FAILED
test regression::r25 ... FAILED
test regression::r2095 ... ok
test regression::r2574 ... FAILED
test regression::f1757 ... ok
test regression::r2658_null_data_line_regexp ... FAILED
test regression::r2094 ... ok
test regression::r2208 ... ok
test regression::r184 ... ok
test regression::r2198 ... ok
test regression::r228 ... ok
test regression::r2236 ... ok
test regression::r251 ... FAILED
test regression::r3127_gitignore_allow_unclosed_class ... FAILED
test regression::r3108_files_without_match_quiet_exit ... FAILED
test regression::r2944_incorrect_bytes_searched ... ok
test regression::r270 ... ok
test regression::r3139_multiline_lookahead_files_with_matches ... ok
test regression::r1878 ... ok
test regression::r3127_glob_flag_not_allow_unclosed_class ... ok
test regression::r279 ... ok
test regression::r3067_gitignore_error ... ok
test regression::r30 ... ok
test regression::r1159_exit_status ... ok
test regression::r3179_global_gitignore_cwd ... ok
test regression::r3180_look_around_panic ... ok
test regression::r451_only_matching ... FAILED
test regression::r2770_gitignore_error ... ok
test regression::r451_only_matching_as_in_issue ... ok
test regression::r428_unrecognized_style ... ok
test regression::r405 ... ok
test regression::r391 ... FAILED
test regression::r483_matching_no_stdout ... ok
test regression::r483_non_matching_exit_code ... ok
test regression::r493 ... FAILED
test regression::r3173_hidden_whitelist_only_dot ... FAILED
test regression::r49 ... ok
test regression::r506_word_not_parenthesized ... ok
test regression::r50 ... ok
test regression::r1868_context_passthru_override ... ok
test regression::r64 ... FAILED
test regression::r599 ... ok
test regression::r693_context_in_contextless_mode ... ok
test regression::r829_2731 ... FAILED
test regression::r807 ... FAILED
test regression::r829_2747 ... FAILED
test regression::r65 ... ok
test regression::r67 ... ok
test regression::r553_flag ... ok
test regression::r568_leading_hyphen_option_args ... ok
test regression::r829_2933 ... ok
test regression::r99 ... ok
test regression::r553_switch ... ok
test regression::r900 ... ok
test regression::r90 ... FAILED
test regression::r87 ... ok
test regression::r829_2836 ... ok
test regression::r829_original ... FAILED
test regression::r829_2778 ... ok
test regression::r93 ... ok
test regression::r2711 ... ok

failures:

---- binary::before_match2_implicit_text stdout ----

thread 'binary::before_match2_implicit_text' (53964) panicked at tests\util.rs:441:21:
C:\Users\USERNAME\AppData\Local\Temp\ripgrep-tests\before_match2_implicit_text\19\hay: Os { code: 3, kind: NotFound, message: "The system cannot find the path specified." }
note: run with `RUST_BACKTRACE=1` environment variable to display a backtrace

---- binary::mmap_match_multiple stdout ----

thread 'binary::mmap_match_multiple' (42200) panicked at tests\util.rs:414:13:


==========
command failed but expected success!

command: "C:\\Users\\USERNAME\\AppData\\Local\\lrc-bench\\wt1\\target\\debug\\deps\\../rg.exe" "--path-separator" "/" "--mmap" "-n" "Project Gutenberg EBook|Heaven" "hay"

cwd: C:\Users\USERNAME\AppData\Local\Temp\ripgrep-tests\mmap_match_multiple\26

dir list: ["C:\\Users\\USERNAME\\AppData\\Local\\Temp\\ripgrep-tests\\mmap_match_multiple\\26"]

status: exit code: 2

stdout: 

stderr: rg: hay: IO error for operation on hay: The system cannot find the file specified. (os error 2)


==========


---- feature::context_sep stdout ----

thread 'feature::context_sep' (4228) panicked at tests\util.rs:414:13:


==========
command failed but expected success!

command: "C:\\Users\\USERNAME\\AppData\\Local\\lrc-bench\\wt1\\target\\debug\\deps\\../rg.exe" "--path-separator" "/" "-A1" "--context-separator" "AAA" "foo" "test"

cwd: C:\Users\USERNAME\AppData\Local\Temp\ripgrep-tests\context_sep\29

dir list: ["C:\\Users\\USERNAME\\AppData\\Local\\Temp\\ripgrep-tests\\context_sep\\29"]

status: exit code: 2

stdout: 

stderr: rg: test: IO error for operation on test: The system cannot find the file specified. (os error 2)


==========


---- feature::f109_max_depth stdout ----

thread 'feature::f109_max_depth' (38880) panicked at tests\util.rs:441:21:
C:\Users\USERNAME\AppData\Local\Temp\ripgrep-tests\f109_max_depth\36\one/too/many: Os { code: 3, kind: NotFound, message: "The system cannot find the path specified." }

---- binary::mmap_match_implicit stdout ----

thread 'binary::mmap_match_implicit' (29496) panicked at tests\util.rs:414:13:


==========
command failed but expected success!

command: "C:\\Users\\USERNAME\\AppData\\Local\\lrc-bench\\wt1\\target\\debug\\deps\\../rg.exe" "--path-separator" "/" "--mmap" "-n" "Project Gutenberg EBook" "-g" "hay"

cwd: C:\Users\USERNAME\AppData\Local\Temp\ripgrep-tests\mmap_match_implicit\25

dir list: ["C:\\Users\\USERNAME\\AppData\\Local\\Temp\\ripgrep-tests\\mmap_match_implicit\\25"]

status: exit code: 2

stdout: 

stderr: rg: No files were searched, which means ripgrep probably applied a filter you didn't expect.
Running with --debug will show why files are being skipped.


==========


---- feature::f1414_no_require_git stdout ----

thread 'feature::f1414_no_require_git' (50576) panicked at tests\util.rs:441:21:
C:\Users\USERNAME\AppData\Local\Temp\ripgrep-tests\f1414_no_require_git\46: Os { code: 5, kind: PermissionDenied, message: "Access is denied." }

---- feature::f1138_no_ignore_dot stdout ----

thread 'feature::f1138_no_ignore_dot' (31220) panicked at tests\feature.rs:834:5:

printed outputs differ!

expected:
~~~~~~~~~~~~~~~~~~~~~~~~~~~~~~~~~~~~~~~~~~~~~~~~~~~~~~~~~~~~~~~~~~~~~~~~~~~~~~~
bar
quux

~~~~~~~~~~~~~~~~~~~~~~~~~~~~~~~~~~~~~~~~~~~~~~~~~~~~~~~~~~~~~~~~~~~~~~~~~~~~~~~

got:
~~~~~~~~~~~~~~~~~~~~~~~~~~~~~~~~~~~~~~~~~~~~~~~~~~~~~~~~~~~~~~~~~~~~~~~~~~~~~~~
quux

~~~~~~~~~~~~~~~~~~~~~~~~~~~~~~~~~~~~~~~~~~~~~~~~~~~~~~~~~~~~~~~~~~~~~~~~~~~~~~~


---- feature::f411_parallel_search_stats stdout ----

thread 'feature::f411_parallel_search_stats' (37832) panicked at tests\util.rs:441:21:
C:\Users\USERNAME\AppData\Local\Temp\ripgrep-tests\f411_parallel_search_stats\73: Os { code: 32, kind: Uncategorized, message: "The process cannot access the file because it is being used by another process." }

---- feature::f416_crlf_only_matching stdout ----

thread 'feature::f416_crlf_only_matching' (26580) panicked at tests\util.rs:441:21:
C:\Users\USERNAME\AppData\Local\Temp\ripgrep-tests\f416_crlf_only_matching\78: Os { code: 32, kind: Uncategorized, message: "The process cannot access the file because it is being used by another process." }

---- feature::f89_files_without_match stdout ----

thread 'feature::f89_files_without_match' (37568) panicked at tests\util.rs:441:21:
C:\Users\USERNAME\AppData\Local\Temp\ripgrep-tests\f89_files_without_match\91: Os { code: 32, kind: Uncategorized, message: "The process cannot access the file because it is being used by another process." }

---- feature::f89_match stdout ----

thread 'feature::f89_match' (44180) panicked at tests\util.rs:441:21:
C:\Users\USERNAME\AppData\Local\Temp\ripgrep-tests\f89_match\92: Os { code: 32, kind: Uncategorized, message: "The process cannot access the file because it is being used by another process." }

---- feature::f2361_sort_nested_files stdout ----

thread 'feature::f2361_sort_nested_files' (35384) panicked at tests\feature.rs:952:5:

printed outputs differ!

expected:
~~~~~~~~~~~~~~~~~~~~~~~~~~~~~~~~~~~~~~~~~~~~~~~~~~~~~~~~~~~~~~~~~~~~~~~~~~~~~~~
foo
dir/bar

~~~~~~~~~~~~~~~~~~~~~~~~~~~~~~~~~~~~~~~~~~~~~~~~~~~~~~~~~~~~~~~~~~~~~~~~~~~~~~~

got:
~~~~~~~~~~~~~~~~~~~~~~~~~~~~~~~~~~~~~~~~~~~~~~~~~~~~~~~~~~~~~~~~~~~~~~~~~~~~~~~
dir/bar
foo

~~~~~~~~~~~~~~~~~~~~~~~~~~~~~~~~~~~~~~~~~~~~~~~~~~~~~~~~~~~~~~~~~~~~~~~~~~~~~~~


---- feature::f917_trim_max_columns_multi_standard stdout ----

thread 'feature::f917_trim_max_columns_multi_standard' (38708) panicked at tests\util.rs:441:21:
C:\Users\USERNAME\AppData\Local\Temp\ripgrep-tests\f917_trim_max_columns_multi_standard\98: Os { code: 32, kind: Uncategorized, message: "The process cannot access the file because it is being used by another process." }

---- feature::f917_trim_max_columns_multi_only_matching stdout ----

thread 'feature::f917_trim_max_columns_multi_only_matching' (32556) panicked at tests\util.rs:414:13:


==========
command failed but expected success!

command: "C:\\Users\\USERNAME\\AppData\\Local\\lrc-bench\\wt1\\target\\debug\\deps\\../rg.exe" "--path-separator" "/" "--multiline" "--trim" "--max-columns-preview" "-M8" "--only-matching" "--no-filename" ".*a\\n?bc.*"

cwd: C:\Users\USERNAME\AppData\Local\Temp\ripgrep-tests\f917_trim_max_columns_multi_only_matching\96

dir list: ["C:\\Users\\USERNAME\\AppData\\Local\\Temp\\ripgrep-tests\\f917_trim_max_columns_multi_only_matching\\96"]

status: exit code: 2

stdout: 

stderr: rg: No files were searched, which means ripgrep probably applied a filter you didn't expect.
Running with --debug will show why files are being skipped.


==========


---- feature::f917_trim_max_columns_normal stdout ----

thread 'feature::f917_trim_max_columns_normal' (14388) panicked at tests\util.rs:414:13:


==========
command failed but expected success!

command: "C:\\Users\\USERNAME\\AppData\\Local\\lrc-bench\\wt1\\target\\debug\\deps\\../rg.exe" "--path-separator" "/" "--trim" "--max-columns-preview" "-M8" "--no-filename" "abc"

cwd: C:\Users\USERNAME\AppData\Local\Temp\ripgrep-tests\f917_trim_max_columns_normal\99

dir list: ["C:\\Users\\USERNAME\\AppData\\Local\\Temp\\ripgrep-tests\\f917_trim_max_columns_normal\\99"]

status: exit code: 2

stdout: 

stderr: rg: No files were searched, which means ripgrep probably applied a filter you didn't expect.
Running with --debug will show why files are being skipped.


==========


---- feature::f948_exit_code_match stdout ----

thread 'feature::f948_exit_code_match' (31416) panicked at tests\util.rs:366:9:
assertion `left == right` failed: 

===== "C:\\Users\\USERNAME\\AppData\\Local\\lrc-bench\\wt1\\target\\debug\\deps\\../rg.exe" "--path-separator" "/" "." =====
expected exit code did not match

cwd: C:\Users\USERNAME\AppData\Local\Temp\ripgrep-tests\f948_exit_code_match\103

dir list: ["C:\\Users\\USERNAME\\AppData\\Local\\Temp\\ripgrep-tests\\f948_exit_code_match\\103"]

expected: 0

found: 2

=====

  left: 0
 right: 2

---- json::notutf8_file stdout ----

thread 'json::notutf8_file' (42608) panicked at tests\util.rs:414:13:


==========
command failed but expected success!

command: "C:\\Users\\USERNAME\\AppData\\Local\\lrc-bench\\wt1\\target\\debug\\deps\\../rg.exe" "--path-separator" "/" "--json" "(?-u)\\xFF"

cwd: C:\Users\USERNAME\AppData\Local\Temp\ripgrep-tests\notutf8_file\112

dir list: ["C:\\Users\\USERNAME\\AppData\\Local\\Temp\\ripgrep-tests\\notutf8_file\\112"]

status: exit code: 2

stdout: {"data":{"elapsed_total":{"human":"0.118751s","nanos":118751100,"secs":0},"stats":{"bytes_printed":0,"bytes_searched":0,"elapsed":{"human":"0.000000s","nanos":0,"secs":0},"matched_lines":0,"matches":0,"searches":0,"searches_with_match":0}},"type":"summary"}


stderr: rg: No files were searched, which means ripgrep probably applied a filter you didn't expect.
Running with --debug will show why files are being skipped.


==========


---- misc::dir stdout ----

thread 'misc::dir' (15356) panicked at tests\util.rs:441:21:
C:\Users\USERNAME\AppData\Local\Temp\ripgrep-tests\dir\146: Os { code: 5, kind: PermissionDenied, message: "Access is denied." }

---- misc::file_types stdout ----

thread 'misc::file_types' (19524) panicked at tests\util.rs:441:21:
C:\Users\USERNAME\AppData\Local\Temp\ripgrep-tests\file_types\150: Os { code: 32, kind: Uncategorized, message: "The process cannot access the file because it is being used by another process." }

---- misc::files stdout ----

thread 'misc::files' (32012) panicked at tests\util.rs:441:21:
C:\Users\USERNAME\AppData\Local\Temp\ripgrep-tests\files\154: Os { code: 5, kind: PermissionDenied, message: "Access is denied." }

---- misc::glob stdout ----

thread 'misc::glob' (23328) panicked at tests\util.rs:441:21:
C:\Users\USERNAME\AppData\Local\Temp\ripgrep-tests\glob\157: Os { code: 5, kind: PermissionDenied, message: "Access is denied." }

---- misc::glob_case_sensitive stdout ----

thread 'misc::glob_case_sensitive' (47672) panicked at tests\util.rs:441:21:
C:\Users\USERNAME\AppData\Local\Temp\ripgrep-tests\glob_case_sensitive\160: Os { code: 5, kind: PermissionDenied, message: "Access is denied." }

---- misc::ignore_git_multi_root_order stdout ----

thread 'misc::ignore_git_multi_root_order' (6536) panicked at tests\util.rs:414:13:


==========
command failed but expected success!

command: "C:\\Users\\USERNAME\\AppData\\Local\\lrc-bench\\wt1\\target\\debug\\deps\\../rg.exe" "--path-separator" "/" "--files-with-matches" "this" "src" "tests"

cwd: C:\Users\USERNAME\AppData\Local\Temp\ripgrep-tests\ignore_git_multi_root_order\164

dir list: ["C:\\Users\\USERNAME\\AppData\\Local\\Temp\\ripgrep-tests\\ignore_git_multi_root_order\\164"]

status: exit code: 2

stdout: 

stderr: rg: src: The system cannot find the file specified. (os error 2)
rg: tests: The system cannot find the path specified. (os error 3)


==========


---- misc::ignore_ripgrep_parent_no_stop stdout ----

thread 'misc::ignore_ripgrep_parent_no_stop' (26724) panicked at tests\util.rs:441:21:
C:\Users\USERNAME\AppData\Local\Temp\ripgrep-tests\ignore_ripgrep_parent_no_stop\171: Os { code: 145, kind: DirectoryNotEmpty, message: "The directory is not empty." }

---- misc::inverted stdout ----

thread 'misc::inverted' (15052) panicked at tests\util.rs:441:21:
C:\Users\USERNAME\AppData\Local\Temp\ripgrep-tests\inverted\174: Os { code: 32, kind: Uncategorized, message: "The process cannot access the file because it is being used by another process." }

---- misc::ignore_rgignore_multi_root_order stdout ----

thread 'misc::ignore_rgignore_multi_root_order' (32300) panicked at tests\util.rs:414:13:


==========
command failed but expected success!

command: "C:\\Users\\USERNAME\\AppData\\Local\\lrc-bench\\wt1\\target\\debug\\deps\\../rg.exe" "--path-separator" "/" "--files-with-matches" "AWS" "alpha" "beta"

cwd: C:\Users\USERNAME\AppData\Local\Temp\ripgrep-tests\ignore_rgignore_multi_root_order\169

dir list: ["C:\\Users\\USERNAME\\AppData\\Local\\Temp\\ripgrep-tests\\ignore_rgignore_multi_root_order\\169"]

status: exit code: 2

stdout: 

stderr: rg: alpha: The system cannot find the path specified. (os error 3)
rg: beta: The system cannot find the path specified. (os error 3)


==========


---- misc::no_ignore stdout ----

thread 'misc::no_ignore' (20412) panicked at tests\util.rs:414:13:


==========
command failed but expected success!

command: "C:\\Users\\USERNAME\\AppData\\Local\\lrc-bench\\wt1\\target\\debug\\deps\\../rg.exe" "--path-separator" "/" "--no-ignore" "Sherlock"

cwd: C:\Users\USERNAME\AppData\Local\Temp\ripgrep-tests\no_ignore\185

dir list: ["C:\\Users\\USERNAME\\AppData\\Local\\Temp\\ripgrep-tests\\no_ignore\\185"]

status: exit code: 2

stdout: 

stderr: rg: No files were searched, which means ripgrep probably applied a filter you didn't expect.
Running with --debug will show why files are being skipped.


==========


---- misc::single_file stdout ----

thread 'misc::single_file' (26980) panicked at tests\util.rs:441:21:
C:\Users\USERNAME\AppData\Local\Temp\ripgrep-tests\single_file\195: Os { code: 32, kind: Uncategorized, message: "The process cannot access the file because it is being used by another process." }

---- misc::file_types_all stdout ----

thread 'misc::file_types_all' (50660) panicked at tests\util.rs:414:13:


==========
command failed but expected success!

command: "C:\\Users\\USERNAME\\AppData\\Local\\lrc-bench\\wt1\\target\\debug\\deps\\../rg.exe" "--path-separator" "/" "-t" "all" "Sherlock"

cwd: C:\Users\USERNAME\AppData\Local\Temp\ripgrep-tests\file_types_all\151

dir list: ["C:\\Users\\USERNAME\\AppData\\Local\\Temp\\ripgrep-tests\\file_types_all\\151"]

status: exit code: 2

stdout: 

stderr: rg: No files were searched, which means ripgrep probably applied a filter you didn't expect.
Running with --debug will show why files are being skipped.


==========


---- misc::with_heading stdout ----

thread 'misc::with_heading' (53856) panicked at tests\util.rs:441:21:
C:\Users\USERNAME\AppData\Local\Temp\ripgrep-tests\with_heading\208: Os { code: 32, kind: Uncategorized, message: "The process cannot access the file because it is being used by another process." }

---- regression::r1098 stdout ----

thread 'regression::r1098' (19688) panicked at tests\util.rs:441:21:
C:\Users\USERNAME\AppData\Local\Temp\ripgrep-tests\r1098\222: Os { code: 32, kind: Uncategorized, message: "The process cannot access the file because it is being used by another process." }

---- regression::r1159_invalid_flag stdout ----

thread 'regression::r1159_invalid_flag' (18364) panicked at tests\util.rs:441:21:
C:\Users\USERNAME\AppData\Local\Temp\ripgrep-tests\r1159_invalid_flag\227: Os { code: 32, kind: Uncategorized, message: "The process cannot access the file because it is being used by another process." }

---- regression::r1173 stdout ----

thread 'regression::r1173' (24804) panicked at tests\util.rs:441:21:
C:\Users\USERNAME\AppData\Local\Temp\ripgrep-tests\r1173\230: Os { code: 32, kind: Uncategorized, message: "The process cannot access the file because it is being used by another process." }

---- regression::r1176_line_regex stdout ----

thread 'regression::r1176_line_regex' (38524) panicked at tests\util.rs:414:13:


==========
command failed but expected success!

Did your search end up with no results?

command: "C:\\Users\\USERNAME\\AppData\\Local\\lrc-bench\\wt1\\target\\debug\\deps\\../rg.exe" "--path-separator" "/" "-x" "-f" "patterns" "test"

cwd: C:\Users\USERNAME\AppData\Local\Temp\ripgrep-tests\r1176_line_regex\232

dir list: ["C:\\Users\\USERNAME\\AppData\\Local\\Temp\\ripgrep-tests\\r1176_line_regex\\232", "C:\\Users\\USERNAME\\AppData\\Local\\Temp\\ripgrep-tests\\r1176_line_regex\\232\\patterns"]

status: exit code: 1

stdout: 

stderr: 

==========


---- regression::r1203_reverse_suffix_literal stdout ----

thread 'regression::r1203_reverse_suffix_literal' (22716) panicked at tests\util.rs:441:21:
C:\Users\USERNAME\AppData\Local\Temp\ripgrep-tests\r1203_reverse_suffix_literal\234: Os { code: 32, kind: Uncategorized, message: "The process cannot access the file because it is being used by another process." }

---- regression::r1259_drop_last_byte_nonl stdout ----

thread 'regression::r1259_drop_last_byte_nonl' (52500) panicked at tests\util.rs:441:21:
C:\Users\USERNAME\AppData\Local\Temp\ripgrep-tests\r1259_drop_last_byte_nonl\236: Os { code: 32, kind: Uncategorized, message: "The process cannot access the file because it is being used by another process." }

---- regression::r127 stdout ----

thread 'regression::r127' (49348) panicked at tests\util.rs:441:21:
C:\Users\USERNAME\AppData\Local\Temp\ripgrep-tests\r127\237: Os { code: 32, kind: Uncategorized, message: "The process cannot access the file because it is being used by another process." }

---- regression::r1311_multi_line_term_replace stdout ----

thread 'regression::r1311_multi_line_term_replace' (16476) panicked at tests\util.rs:441:21:
C:\Users\USERNAME\AppData\Local\Temp\ripgrep-tests\r1311_multi_line_term_replace\240: Os { code: 32, kind: Uncategorized, message: "The process cannot access the file because it is being used by another process." }

---- regression::r128 stdout ----

thread 'regression::r128' (52784) panicked at tests\util.rs:441:21:
C:\Users\USERNAME\AppData\Local\Temp\ripgrep-tests\r128\238: Os { code: 32, kind: Uncategorized, message: "The process cannot access the file because it is being used by another process." }

---- regression::r131 stdout ----

thread 'regression::r131' (41276) panicked at tests\util.rs:441:21:
C:\Users\USERNAME\AppData\Local\Temp\ripgrep-tests\r131\239: Os { code: 32, kind: Uncategorized, message: "The process cannot access the file because it is being used by another process." }

---- regression::r16 stdout ----

thread 'regression::r16' (42740) panicked at tests\util.rs:441:21:
C:\Users\USERNAME\AppData\Local\Temp\ripgrep-tests\r16\254: Os { code: 5, kind: PermissionDenied, message: "Access is denied." }

---- regression::r1537 stdout ----

thread 'regression::r1537' (50636) panicked at tests\util.rs:414:13:


==========
command failed but expected success!

command: "C:\\Users\\USERNAME\\AppData\\Local\\lrc-bench\\wt1\\target\\debug\\deps\\../rg.exe" "--path-separator" "/" ";(.*,){1}"

cwd: C:\Users\USERNAME\AppData\Local\Temp\ripgrep-tests\r1537\249

dir list: ["C:\\Users\\USERNAME\\AppData\\Local\\Temp\\ripgrep-tests\\r1537\\249"]

status: exit code: 2

stdout: 

stderr: rg: No files were searched, which means ripgrep probably applied a filter you didn't expect.
Running with --debug will show why files are being skipped.


==========


---- regression::r1164 stdout ----

thread 'regression::r1164' (21468) panicked at tests\util.rs:414:13:


==========
command failed but expected success!

command: "C:\\Users\\USERNAME\\AppData\\Local\\lrc-bench\\wt1\\target\\debug\\deps\\../rg.exe" "--path-separator" "/" "--ignore-file-case-insensitive" "test" "--no-ignore-file-case-insensitive"

cwd: C:\Users\USERNAME\AppData\Local\Temp\ripgrep-tests\r1164\229

dir list: ["C:\\Users\\USERNAME\\AppData\\Local\\Temp\\ripgrep-tests\\r1164\\229"]

status: exit code: 2

stdout: 

stderr: rg: No files were searched, which means ripgrep probably applied a filter you didn't expect.
Running with --debug will show why files are being skipped.


==========


---- regression::r199 stdout ----

thread 'regression::r199' (40128) panicked at tests\util.rs:441:21:
C:\Users\USERNAME\AppData\Local\Temp\ripgrep-tests\r199\264: Os { code: 32, kind: Uncategorized, message: "The process cannot access the file because it is being used by another process." }

---- regression::r206 stdout ----

thread 'regression::r206' (33760) panicked at tests\util.rs:441:21:
C:\Users\USERNAME\AppData\Local\Temp\ripgrep-tests\r206\265: Os { code: 32, kind: Uncategorized, message: "The process cannot access the file because it is being used by another process." }

---- regression::r229 stdout ----

thread 'regression::r229' (43684) panicked at tests\util.rs:441:21:
C:\Users\USERNAME\AppData\Local\Temp\ripgrep-tests\r229\272: Os { code: 32, kind: Uncategorized, message: "The process cannot access the file because it is being used by another process." }

---- regression::r2480 stdout ----

thread 'regression::r2480' (43648) panicked at tests\util.rs:441:21:
C:\Users\USERNAME\AppData\Local\Temp\ripgrep-tests\r2480\273: Os { code: 32, kind: Uncategorized, message: "The process cannot access the file because it is being used by another process." }

---- regression::r25 stdout ----

thread 'regression::r25' (45768) panicked at tests\util.rs:441:21:
C:\Users\USERNAME\AppData\Local\Temp\ripgrep-tests\r25\274: Os { code: 32, kind: Uncategorized, message: "The process cannot access the file because it is being used by another process." }

---- regression::r2574 stdout ----

thread 'regression::r2574' (43564) panicked at tests\util.rs:335:44:
called `Result::unwrap()` on an `Err` value: Os { code: 267, kind: NotADirectory, message: "The directory name is invalid." }

---- regression::r2658_null_data_line_regexp stdout ----

thread 'regression::r2658_null_data_line_regexp' (30852) panicked at tests\util.rs:441:21:
C:\Users\USERNAME\AppData\Local\Temp\ripgrep-tests\r2658_null_data_line_regexp\277: Os { code: 32, kind: Uncategorized, message: "The process cannot access the file because it is being used by another process." }

---- regression::r251 stdout ----

thread 'regression::r251' (1876) panicked at tests\util.rs:414:13:


==========
command failed but expected success!

command: "C:\\Users\\USERNAME\\AppData\\Local\\lrc-bench\\wt1\\target\\debug\\deps\\../rg.exe" "--path-separator" "/" "-i" "привет"

cwd: C:\Users\USERNAME\AppData\Local\Temp\ripgrep-tests\r251\275

dir list: ["C:\\Users\\USERNAME\\AppData\\Local\\Temp\\ripgrep-tests\\r251\\275"]

status: exit code: 2

stdout: 

stderr: rg: No files were searched, which means ripgrep probably applied a filter you didn't expect.
Running with --debug will show why files are being skipped.


==========


---- regression::r3127_gitignore_allow_unclosed_class stdout ----

thread 'regression::r3127_gitignore_allow_unclosed_class' (44380) panicked at tests\util.rs:441:21:
C:\Users\USERNAME\AppData\Local\Temp\ripgrep-tests\r3127_gitignore_allow_unclosed_class\286\[abc: Os { code: 3, kind: NotFound, message: "The system cannot find the path specified." }

---- regression::r3108_files_without_match_quiet_exit stdout ----

thread 'regression::r3108_files_without_match_quiet_exit' (17132) panicked at tests\util.rs:365:38:
called `Result::unwrap()` on an `Err` value: Os { code: 267, kind: NotADirectory, message: "The directory name is invalid." }

---- regression::r451_only_matching stdout ----

thread 'regression::r451_only_matching' (29192) panicked at tests\util.rs:414:13:


==========
command failed but expected success!

command: "C:\\Users\\USERNAME\\AppData\\Local\\lrc-bench\\wt1\\target\\debug\\deps\\../rg.exe" "--path-separator" "/" "--only-matching" "--column" "[0-9]" "digits.txt"

cwd: C:\Users\USERNAME\AppData\Local\Temp\ripgrep-tests\r451_only_matching\295

dir list: ["C:\\Users\\USERNAME\\AppData\\Local\\Temp\\ripgrep-tests\\r451_only_matching\\295"]

status: exit code: 2

stdout: 

stderr: rg: digits.txt: IO error for operation on digits.txt: The system cannot find the file specified. (os error 2)


==========


---- regression::r391 stdout ----

thread 'regression::r391' (27944) panicked at tests\util.rs:414:13:


==========
command failed but expected success!

Did your search end up with no results?

command: "C:\\Users\\USERNAME\\AppData\\Local\\lrc-bench\\wt1\\target\\debug\\deps\\../rg.exe" "--path-separator" "/" "--no-ignore" "--hidden" "--follow" "--files" "--glob" "!{.git,node_modules,plugged}/**" "--glob" "*.{js,json,php,md,styl,scss,sass,pug,html,config,py,cpp,c,go,hs}"

cwd: C:\Users\USERNAME\AppData\Local\Temp\ripgrep-tests\r391\292

dir list: ["C:\\Users\\USERNAME\\AppData\\Local\\Temp\\ripgrep-tests\\r391\\292"]

status: exit code: 1

stdout: 

stderr: 

==========


---- regression::r493 stdout ----

thread 'regression::r493' (18172) panicked at tests\util.rs:414:13:


==========
command failed but expected success!

command: "C:\\Users\\USERNAME\\AppData\\Local\\lrc-bench\\wt1\\target\\debug\\deps\\../rg.exe" "--path-separator" "/" "-o" "\\b 're \\b" "input.txt"

cwd: C:\Users\USERNAME\AppData\Local\Temp\ripgrep-tests\r493\300

dir list: ["C:\\Users\\USERNAME\\AppData\\Local\\Temp\\ripgrep-tests\\r493\\300"]

status: exit code: 2

stdout: 

stderr: rg: input.txt: IO error for operation on input.txt: The system cannot find the file specified. (os error 2)


==========


---- regression::r3173_hidden_whitelist_only_dot stdout ----

thread 'regression::r3173_hidden_whitelist_only_dot' (47600) panicked at tests\util.rs:414:13:


==========
command failed but expected success!

Did your search end up with no results?

command: "C:\\Users\\USERNAME\\AppData\\Local\\lrc-bench\\wt1\\target\\debug\\deps\\../rg.exe" "--path-separator" "/" "--files" "."

cwd: C:\Users\USERNAME\AppData\Local\Temp\ripgrep-tests\r3173_hidden_whitelist_only_dot\288

dir list: ["C:\\Users\\USERNAME\\AppData\\Local\\Temp\\ripgrep-tests\\r3173_hidden_whitelist_only_dot\\288"]

status: exit code: 1

stdout: 

stderr: 

==========


---- regression::r64 stdout ----

thread 'regression::r64' (46040) panicked at tests\util.rs:414:13:


==========
command failed but expected success!

command: "C:\\Users\\USERNAME\\AppData\\Local\\lrc-bench\\wt1\\target\\debug\\deps\\../rg.exe" "--path-separator" "/" "--files" "foo"

cwd: C:\Users\USERNAME\AppData\Local\Temp\ripgrep-tests\r64\307

dir list: ["C:\\Users\\USERNAME\\AppData\\Local\\Temp\\ripgrep-tests\\r64\\307"]

status: exit code: 2

stdout: 

stderr: rg: foo: IO error for operation on foo: The system cannot find the file specified. (os error 2)


==========


---- regression::r829_2731 stdout ----

thread 'regression::r829_2731' (40480) panicked at tests\util.rs:414:13:


==========
command failed but expected success!

command: "C:\\Users\\USERNAME\\AppData\\Local\\lrc-bench\\wt1\\target\\debug\\deps\\../rg.exe" "--path-separator" "/" "-l" "string"

cwd: C:\Users\USERNAME\AppData\Local\Temp\ripgrep-tests\r829_2731\312

dir list: ["C:\\Users\\USERNAME\\AppData\\Local\\Temp\\ripgrep-tests\\r829_2731\\312"]

status: exit code: 2

stdout: 

stderr: rg: No files were searched, which means ripgrep probably applied a filter you didn't expect.
Running with --debug will show why files are being skipped.


==========


---- regression::r807 stdout ----

thread 'regression::r807' (46844) panicked at tests\util.rs:414:13:


==========
command failed but expected success!

command: "C:\\Users\\USERNAME\\AppData\\Local\\lrc-bench\\wt1\\target\\debug\\deps\\../rg.exe" "--path-separator" "/" "--hidden" "test"

cwd: C:\Users\USERNAME\AppData\Local\Temp\ripgrep-tests\r807\311

dir list: ["C:\\Users\\USERNAME\\AppData\\Local\\Temp\\ripgrep-tests\\r807\\311"]

status: exit code: 2

stdout: 

stderr: rg: No files were searched, which means ripgrep probably applied a filter you didn't expect.
Running with --debug will show why files are being skipped.


==========


---- regression::r829_2747 stdout ----

thread 'regression::r829_2747' (44748) panicked at tests\util.rs:414:13:


==========
command failed but expected success!

Did your search end up with no results?

command: "C:\\Users\\USERNAME\\AppData\\Local\\lrc-bench\\wt1\\target\\debug\\deps\\../rg.exe" "--path-separator" "/" "--files"

cwd: C:\Users\USERNAME\AppData\Local\Temp\ripgrep-tests\r829_2747\313

dir list: ["C:\\Users\\USERNAME\\AppData\\Local\\Temp\\ripgrep-tests\\r829_2747\\313"]

status: exit code: 1

stdout: 

stderr: 

==========


---- regression::r90 stdout ----

thread 'regression::r90' (13680) panicked at tests\util.rs:414:13:


==========
command failed but expected success!

command: "C:\\Users\\USERNAME\\AppData\\Local\\lrc-bench\\wt1\\target\\debug\\deps\\../rg.exe" "--path-separator" "/" "test"

cwd: C:\Users\USERNAME\AppData\Local\Temp\ripgrep-tests\r90\319

dir list: ["C:\\Users\\USERNAME\\AppData\\Local\\Temp\\ripgrep-tests\\r90\\319"]

status: exit code: 2

stdout: 

stderr: rg: No files were searched, which means ripgrep probably applied a filter you didn't expect.
Running with --debug will show why files are being skipped.


==========


---- regression::r829_original stdout ----

thread 'regression::r829_original' (42944) panicked at tests\util.rs:335:44:
called `Result::unwrap()` on an `Err` value: Os { code: 267, kind: NotADirectory, message: "The directory name is invalid." }


failures:
    binary::before_match2_implicit_text
    binary::mmap_match_implicit
    binary::mmap_match_multiple
    feature::context_sep
    feature::f109_max_depth
    feature::f1138_no_ignore_dot
    feature::f1414_no_require_git
    feature::f2361_sort_nested_files
    feature::f411_parallel_search_stats
    feature::f416_crlf_only_matching
    feature::f89_files_without_match
    feature::f89_match
    feature::f917_trim_max_columns_multi_only_matching
    feature::f917_trim_max_columns_multi_standard
    feature::f917_trim_max_columns_normal
    feature::f948_exit_code_match
    json::notutf8_file
    misc::dir
    misc::file_types
    misc::file_types_all
    misc::files
    misc::glob
    misc::glob_case_sensitive
    misc::ignore_git_multi_root_order
    misc::ignore_rgignore_multi_root_order
    misc::ignore_ripgrep_parent_no_stop
    misc::inverted
    misc::no_ignore
    misc::single_file
    misc::with_heading
    regression::r1098
    regression::r1159_invalid_flag
    regression::r1164
    regression::r1173
    regression::r1176_line_regex
    regression::r1203_reverse_suffix_literal
    regression::r1259_drop_last_byte_nonl
    regression::r127
    regression::r128
    regression::r131
    regression::r1311_multi_line_term_replace
    regression::r1537
    regression::r16
    regression::r199
    regression::r206
    regression::r229
    regression::r2480
    regression::r25
    regression::r251
    regression::r2574
    regression::r2658_null_data_line_regexp
    regression::r3108_files_without_match_quiet_exit
    regression::r3127_gitignore_allow_unclosed_class
    regression::r3173_hidden_whitelist_only_dot
    regression::r391
    regression::r451_only_matching
    regression::r493
    regression::r64
    regression::r807
    regression::r829_2731
    regression::r829_2747
    regression::r829_original
    regression::r90

test result: FAILED. 260 passed; 63 failed; 0 ignored; 0 measured; 0 filtered out; finished in 7.91s

error: test failed, to rerun pass `--test integration`
