    Blocking waiting for file lock on package cache
    Blocking waiting for file lock on package cache
    Blocking waiting for file lock on package cache
    Blocking waiting for file lock on package cache
   Compiling memchr v2.8.3
   Compiling windows-link v0.2.1
   Compiling regex-syntax v0.8.11
   Compiling log v0.4.33
   Compiling serde_core v1.0.228
   Compiling cfg-if v1.0.4
   Compiling zmij v1.0.23
   Compiling crossbeam-utils v0.8.22
   Compiling serde v1.0.228
   Compiling crossbeam-epoch v0.9.20
   Compiling serde_json v1.0.150
   Compiling memmap2 v0.9.11
   Compiling windows-sys v0.61.2
   Compiling encoding_rs v0.8.35
   Compiling itoa v1.0.18
   Compiling aho-corasick v1.1.4
   Compiling grep-matcher v0.1.9 (C:\Users\kolla\AppData\Local\lrc-bench\wt3\crates\matcher)
   Compiling crossbeam-deque v0.8.7
   Compiling anyhow v1.0.103
   Compiling ripgrep v15.2.0 (C:\Users\kolla\AppData\Local\lrc-bench\wt3)
   Compiling winapi-util v0.1.11
   Compiling encoding_rs_io v0.1.7
   Compiling regex-automata v0.4.15
   Compiling termcolor v1.4.1
   Compiling same-file v1.0.6
   Compiling textwrap v0.16.2
   Compiling lexopt v0.3.2
   Compiling walkdir v2.5.0
   Compiling bstr v1.13.0
   Compiling globset v0.4.19 (C:\Users\kolla\AppData\Local\lrc-bench\wt3\crates\globset)
   Compiling grep-searcher v0.1.17 (C:\Users\kolla\AppData\Local\lrc-bench\wt3\crates\searcher)
   Compiling grep-regex v0.1.14 (C:\Users\kolla\AppData\Local\lrc-bench\wt3\crates\regex)
   Compiling grep-printer v0.3.1 (C:\Users\kolla\AppData\Local\lrc-bench\wt3\crates\printer)
   Compiling grep-cli v0.1.12 (C:\Users\kolla\AppData\Local\lrc-bench\wt3\crates\cli)
   Compiling ignore v0.4.29 (C:\Users\kolla\AppData\Local\lrc-bench\wt3\crates\ignore)
   Compiling grep v0.4.1 (C:\Users\kolla\AppData\Local\lrc-bench\wt3\crates\grep)
    Finished `dev` profile [unoptimized + debuginfo] target(s) in 1m 00s
   Compiling proc-macro2 v1.0.106
   Compiling quote v1.0.46
   Compiling unicode-ident v1.0.24
   Compiling syn v2.0.119
   Compiling serde_derive v1.0.228
   Compiling ripgrep v15.2.0 (C:\Users\kolla\AppData\Local\lrc-bench\wt3)
warning: method `env` is never used
   --> tests\util.rs:278:12
    |
255 | impl TestCommand {
    | ---------------- method in this implementation
...
278 |     pub fn env(
    |            ^^^
    |
    = note: `#[warn(dead_code)]` (part of `#[warn(unused)]`) on by default

warning: `ripgrep` (test "integration") generated 1 warning
    Finished `test` profile [unoptimized + debuginfo] target(s) in 25.60s
     Running unittests crates\core\main.rs (target\debug\deps\rg-ff2a6bef784b8b22.exe)

running 114 tests
test flags::config::tests::error ... ok
test flags::defs::test_column ... ok
test flags::defs::test_color ... ok
test flags::defs::test_after_context ... ok
test flags::defs::test_before_context ... ok
test flags::defs::test_colors ... ok
test flags::config::tests::basic ... ok
test flags::defs::test_auto_hybrid_regex ... ok
test flags::defs::test_count ... ok
test flags::defs::test_context ... ok
test flags::defs::test_context_separator ... ok
test flags::defs::test_count_matches ... ok
test flags::defs::test_crlf ... ok
test flags::defs::test_block_buffered ... ok
test flags::defs::test_binary ... ok
test flags::defs::test_byte_offset ... ok
test flags::defs::test_case_sensitive ... ok
test flags::defs::test_debug ... ok
test flags::defs::test_encoding ... ok
test flags::defs::test_field_context_separator ... ok
test flags::defs::test_file ... ok
test flags::defs::test_field_match_separator ... ok
test flags::defs::test_files ... ok
test flags::defs::test_dfa_size_limit ... ok
test flags::defs::test_files_with_matches ... ok
test flags::defs::test_fixed_strings ... ok
test flags::defs::test_files_without_match ... ok
test flags::defs::test_engine ... ok
test flags::defs::test_generate ... ok
test flags::defs::test_glob ... ok
test flags::defs::test_follow ... ok
test flags::defs::test_glob_case_insensitive ... ok
test flags::defs::test_heading ... ok
test flags::defs::test_hidden ... ok
test flags::defs::test_help ... ok
test flags::defs::test_hostname_bin ... ok
test flags::defs::test_hyperlink_format ... ok
test flags::defs::test_ignore_case ... ok
test flags::defs::test_iglob ... ok
test flags::defs::test_ignore_file ... ok
test flags::defs::test_include_zero ... ok
test flags::defs::test_invert_match ... ok
test flags::defs::test_ignore_file_case_insensitive ... ok
test flags::defs::test_json ... ok
test flags::defs::test_line_number ... ok
test flags::defs::test_line_buffered ... ok
test flags::defs::test_line_regexp ... ok
test flags::defs::test_max_columns_preview ... ok
test flags::defs::test_max_columns ... ok
test flags::defs::test_max_count ... ok
test flags::defs::test_max_depth ... ok
test flags::defs::test_mmap ... ok
test flags::defs::test_multiline ... ok
test flags::defs::test_max_filesize ... ok
test flags::defs::test_multiline_dotall ... ok
test flags::defs::test_no_config ... ok
test flags::defs::test_no_ignore ... ok
test flags::defs::test_no_ignore_dot ... ok
test flags::defs::test_no_ignore_exclude ... ok
test flags::defs::test_no_ignore_global ... ok
test flags::defs::test_no_ignore_files ... ok
test flags::defs::test_no_ignore_messages ... ok
test flags::defs::test_no_ignore_parent ... ok
test flags::defs::test_no_ignore_vcs ... ok
test flags::defs::test_no_line_number ... ok
test flags::defs::test_null ... ok
test flags::defs::test_no_messages ... ok
test flags::defs::test_null_data ... ok
test flags::defs::test_one_file_system ... ok
test flags::defs::test_no_pcre2_unicode ... ok
test flags::defs::test_no_require_git ... ok
test flags::defs::test_passthru ... ok
test flags::defs::test_path_separator ... ok
test flags::defs::test_only_matching ... ok
test flags::defs::test_no_unicode ... ok
test flags::defs::test_pcre2 ... ok
test flags::defs::test_pre ... ok
test flags::defs::test_pcre2_version ... ok
test flags::defs::test_regex_size_limit ... ok
test flags::defs::test_pre_glob ... ok
test flags::defs::test_regexp ... ok
test flags::defs::test_search_zip ... ok
test flags::defs::test_pretty ... ok
test flags::defs::test_replace ... ok
test flags::defs::test_sort ... ok
test flags::defs::test_smart_case ... ok
test flags::defs::test_quiet ... ok
test flags::defs::test_stats ... ok
test flags::defs::test_sortr ... ok
test flags::defs::test_sort_files ... ok
test flags::defs::test_stop_on_nonmatch ... ok
test flags::defs::test_trace ... ok
test flags::defs::test_trim ... ok
test flags::defs::test_type_add ... ok
test flags::defs::test_type_clear ... ok
test flags::defs::test_type_list ... ok
test flags::defs::test_type ... ok
test flags::defs::test_text ... ok
test flags::defs::test_threads ... ok
test flags::defs::test_type_not ... ok
test flags::defs::test_unrestricted ... ok
test flags::defs::test_word_regexp ... ok
test flags::defs::test_version ... ok
test flags::defs::tests::available_shorts ... ok
test flags::defs::tests::choices_ascii_alphanumeric ... ok
test flags::defs::tests::shorts_all_ascii_alphanumeric ... ok
test flags::defs::tests::longs_all_ascii_alphanumeric ... ok
test flags::defs::test_vimgrep ... ok
test flags::defs::tests::non_switches_have_variable_names ... ok
test flags::defs::tests::shorts_no_duplicates ... ok
test flags::defs::tests::longs_no_duplicates ... ok
test flags::defs::test_with_filename ... ok
test flags::defs::test_with_filename_no ... ok
test flags::defs::tests::switches_have_no_choices ... ok

test result: ok. 114 passed; 0 failed; 0 ignored; 0 measured; 0 filtered out; finished in 0.03s

     Running tests\tests.rs (target\debug\deps\integration-b6b4df7f4f523614.exe)

running 323 tests
test binary::after_match1_explicit ... ok
test binary::after_match1_explicit_text ... ok
test binary::after_match1_stdin ... ok
test binary::after_match1_explicit_count ... ok
test binary::after_match1_implicit ... ok
test binary::after_match1_implicit_binary ... ok
test binary::after_match2_implicit ... ok
test binary::before_match1_explicit ... ok
test binary::after_match1_implicit_path ... ok
test binary::after_match1_implicit_count_binary ... ok
test binary::after_match1_implicit_quiet ... ok
test binary::after_match1_implicit_text ... ok
test binary::after_match1_implicit_count ... ok
test binary::after_match2_implicit_text ... ok
test binary::mmap_match_implicit ... FAILED
test binary::mmap_after_nul_match ... ok
test binary::before_match1_implicit_text ... ok
test binary::before_match2_explicit ... ok
test binary::before_match1_implicit_binary ... ok
test binary::mmap_match_count ... ok
test binary::mmap_binary_flag ... ok
test binary::mmap_match_explicit ... ok
test binary::before_match2_implicit_text ... ok
test binary::before_match2_implicit ... ok
test binary::mmap_match_multiple ... ok
test binary::before_match1_implicit ... ok
test binary::mmap_match_near_nul ... ok
test feature::f1155_auto_hybrid_regex ... ok
test binary::mmap_text_flag ... ok
test feature::context_sep_default ... ok
test feature::f129_context ... FAILED
test feature::context_sep ... ok
test feature::f109_case_sensitive_part1 ... ok
test feature::context_sep_empty ... ok
test feature::f1207_auto_encoding ... ok
test feature::f1207_ignore_encoding ... ok
test feature::f1078_max_columns_preview2 ... ok
test feature::f1078_max_columns_preview1 ... ok
test feature::f109_case_sensitive_part2 ... ok
test feature::f109_max_depth ... ok
test feature::f1842_field_context_separator ... FAILED
test feature::f1842_field_match_separator ... FAILED
test feature::f129_matches ... ok
test feature::f1_eucjp ... FAILED
test feature::f196_persistent_config ... FAILED
test feature::f129_replace ... ok
test feature::f1138_no_ignore_dot ... ok
test binary::matching_files_inconsistent_with_count ... ok
test feature::f1414_no_require_git ... ok
test feature::f1_replacement_encoding ... ok
test feature::f20_no_filename ... FAILED
test feature::f1_unknown_encoding ... ok
test feature::f159_max_count_zero ... ok
test feature::f159_max_count ... ok
test feature::f1404_nothing_searched_ignored ... ok
test feature::f1_utf16_auto ... ok
test feature::f1420_no_ignore_exclude ... ok
test feature::f2288_context_partial_override ... ok
test feature::f1_sjis ... ok
test feature::f2288_context_partial_override_rev ... ok
test feature::f263_sort_files ... ok
test feature::f243_column_line ... ok
test feature::f1_utf16_explicit ... ok
test feature::f1404_nothing_searched_warning ... ok
test feature::f362_exceeds_regex_size_limit ... ok
test feature::f263_sort_files_reverse ... ok
test feature::f34_only_matching ... ok
test feature::f362_dfa_size_limit ... ok
test feature::f411_parallel_search_stats ... ok
test feature::f416_crlf ... ok
test feature::f411_parallel_quiet_search_stats ... ok
test feature::f411_single_threaded_search_stats ... ok
test feature::f411_single_threaded_quiet_search_stats ... ok
test feature::f275_pathsep ... ok
test feature::f416_crlf_only_matching ... ok
test feature::f70_smart_case ... FAILED
test feature::f34_only_matching_line_column ... ok
test feature::f740_passthru ... FAILED
test feature::f7_stdin ... FAILED
test feature::f89_count ... FAILED
test feature::f89_files_with_matches ... FAILED
test feature::f89_files_without_match ... FAILED
test feature::f89_files ... FAILED
test feature::f45_precedence_with_others ... ok
test feature::f416_crlf_multiline ... ok
test feature::f7 ... ok
test feature::f917_trim ... FAILED
test feature::f917_trim_match ... FAILED
test feature::f917_trim_max_columns_multi_only_matching ... FAILED
test feature::f917_trim_max_columns_multi_per_match ... FAILED
test feature::f917_trim_max_columns_multi_standard ... FAILED
test feature::f917_trim_max_columns_normal ... FAILED
test feature::f917_trim_max_columns_matches ... FAILED
test feature::f917_trim_multi_standard ... FAILED
test feature::f419_zero_as_shortcut_for_null ... ok
test feature::f68_no_ignore_vcs ... ok
test feature::f45_precedence_internal ... ok
test feature::f1466_no_ignore_files ... ok
test feature::no_context_sep ... ok
test feature::f89_match ... ok
test feature::f993_null_data ... ok
test feature::no_context_sep_overridden ... ok
test feature::f948_exit_code_error ... ok
test feature::no_context_sep_overrides ... ok
test json::crlf ... ok
test feature::f948_exit_code_no_match ... ok
test feature::f948_exit_code_match ... ok
test json::basic ... ok
test json::r1412_look_behind_match_missing ... ok
test feature::f45_relative_cwd ... ok
test feature::no_unicode ... ok
test feature::f2361_sort_nested_files ... ok
test json::quiet_stats ... ok
test json::notutf8_file ... ok
test json::replacement ... ok
test feature::stop_on_nonmatch ... ok
test misc::after_context_line_numbers ... ok
test misc::after_context ... ok
test misc::binary_quit ... FAILED
test misc::before_context ... ok
test misc::before_context_line_numbers ... ok
test misc::binary_convert ... ok
test misc::binary_convert_mmap ... ok
test misc::binary_search_mmap ... ok
test json::r1095_crlf_empty_match ... ok
test misc::binary_search_no_mmap ... ok
test misc::compressed_lz4 ... ok
test misc::compressed_uncompress ... ok
test misc::byte_offset_only_matching ... ok
test misc::columns ... ok
test misc::case_insensitive ... ok
test misc::compressed_zstd ... ok
test json::r1095_missing_crlf ... ok
test misc::binary_quit_mmap ... ok
test misc::compressed_bzip2 ... ok
test misc::context ... ok
test misc::context_line_numbers ... ok
test misc::compressed_brotli ... ok
test misc::count ... ok
test misc::file_type_add_compose ... FAILED
test misc::count_matches_inverted ... ok
test misc::count_matches ... ok
test misc::count_matches_via_only ... ok
test misc::compressed_gzip ... ok
test misc::compressed_failing_gzip ... ok
test misc::dir ... ok
test misc::file_type_add ... ok
test misc::file_types_all ... FAILED
test misc::compressed_lzma ... ok
test misc::file_type_clear ... ok
test misc::compressed_xz ... ok
test misc::file_types_negate ... ok
test misc::file_types ... FAILED
test misc::files_without_match ... ok
test misc::ignore_git ... FAILED
test misc::files_with_matches ... ok
test misc::files ... ok
test misc::glob ... ok
test misc::glob_always_case_insensitive ... ok
test misc::ignore_git_multi_root_order ... FAILED
test misc::ignore_ripgrep_parent_no_stop ... FAILED
test misc::glob_negate ... ok
test misc::ignore_generic ... ok
test misc::glob_case_sensitive ... ok
test misc::ignore_git_parent ... ok
test misc::glob_case_insensitive ... ok
test misc::ignore_git_parent_stop ... FAILED
test misc::ignore_hidden ... ok
test misc::ignore_git_parent_stop_file ... FAILED
test misc::ignore_ripgrep ... ok
test misc::inverted ... ok
test misc::line_numbers ... ok
test misc::inverted_line_numbers ... ok
test misc::line ... ok
test misc::max_filesize_parse_error_length ... ok
test misc::literal ... ok
test misc::max_filesize_suffix_overflow ... ok
test misc::max_filesize_parse_error_suffix ... ok
test misc::include_zero ... ok
test misc::max_filesize_parse_k_suffix ... FAILED
test misc::ignore_rgignore_multi_root_order ... ok
test misc::max_filesize_parse_no_suffix ... ok
test misc::no_ignore_hidden ... ok
test misc::no_ignore ... FAILED
test misc::max_filesize_parse_m_suffix ... ok
test misc::quiet ... ok
test misc::replace ... ok
test misc::single_file ... ok
test misc::replace_groups ... ok
test misc::replace_named_groups ... ok
test misc::include_zero_override ... ok
test misc::no_parent_ignore_git ... ok
test misc::sortr_accessed ... FAILED
test misc::preprocessing ... ok
test misc::type_list ... ok
test misc::preprocessing_glob ... ok
test misc::symlink_nofollow ... ok
test misc::unrestricted2 ... ok
test misc::with_filename ... ok
test misc::unrestricted1 ... ok
test misc::with_heading_default ... FAILED
test misc::vimgrep ... ok
test misc::unrestricted3 ... ok
test misc::vimgrep_no_line_no_column ... ok
test misc::with_heading ... ok
test misc::vimgrep_no_line ... ok
test misc::replace_with_only_matching ... FAILED
test misc::word ... ok
test multiline::dot_all ... ok
test misc::word_period ... ok
test multiline::context ... ok
test multiline::overlap2 ... ok
test multiline::dot_no_newline ... ok
test multiline::only_matching ... ok
test multiline::overlap1 ... ok
test misc::sort_accessed ... FAILED
test multiline::stdin ... ok
test misc::sort_files ... ok
test multiline::vimgrep ... ok
test regression::r1098 ... ok
test regression::r1130 ... ok
test regression::r105_part1 ... ok
test regression::r1159_invalid_flag ... ok
test regression::r1064 ... ok
test regression::r105_part2 ... ok
test regression::r1173 ... ok
test regression::r1176_line_regex ... ok
test misc::file_types_negate_all ... ok
test regression::r1163 ... ok
test regression::r1176_literal_file ... ok
test regression::r1223_no_dir_check_for_default_path ... ok
test regression::r1174 ... ok
test regression::r128 ... ok
test regression::r127 ... ok
test regression::r1259_drop_last_byte_nonl ... ok
test regression::r1401_look_ahead_only_matching_1 ... ok
test regression::r1334_invert_empty_patterns ... FAILED
test regression::r1164 ... ok
test regression::r131 ... ok
test regression::r1412_look_behind_no_replacement ... ok
test regression::r1401_look_ahead_only_matching_2 ... ok
test regression::r1311_multi_line_term_replace ... ok
test regression::r1380 ... ok
test regression::r1334_crazy_literals ... ok
test regression::r1573 ... ok
test regression::r1319 ... ok
test regression::f1757 ... ok
test regression::r1446_respect_excludes_in_worktree ... ok
test regression::r1537 ... ok
test regression::r1389_bad_symlinks_no_biscuit ... ok
test regression::r1739_replacement_lineterm_match ... ok
test regression::r1559 ... ok
test regression::r156 ... ok
test regression::r1203_reverse_suffix_literal ... ok
test regression::r206 ... FAILED
test regression::r1638 ... ok
test regression::r1866 ... ok
test regression::r1891 ... ok
test regression::r16 ... ok
test regression::r1765 ... ok
test regression::r2094 ... ok
test regression::r199 ... ok
test regression::r1838_nul_error_with_binary_detection ... ok
test regression::r184 ... ok
test regression::r2095 ... ok
test regression::r2574 ... FAILED
test regression::r2208 ... ok
test regression::r2198 ... ok
test regression::r1159_exit_status ... ok
test regression::r228 ... ok
test regression::r251 ... ok
test regression::r229 ... ok
test regression::r2236 ... ok
test regression::r3067_gitignore_error ... FAILED
test regression::r2658_null_data_line_regexp ... ok
test regression::r270 ... ok
test regression::r30 ... ok
test regression::r1878 ... ok
test regression::r279 ... ok
test regression::r3139_multiline_lookahead_files_with_matches ... ok
test regression::r2944_incorrect_bytes_searched ... ok
test regression::r3127_glob_flag_not_allow_unclosed_class ... ok
test regression::r25 ... ok
test regression::r391 ... FAILED
test regression::r3127_gitignore_allow_unclosed_class ... ok
test regression::r2770_gitignore_error ... ok
test regression::r451_only_matching ... ok
test regression::r3179_global_gitignore_cwd ... ok
test regression::r1868_context_passthru_override ... ok
test regression::r451_only_matching_as_in_issue ... ok
test regression::r405 ... ok
test regression::r3180_look_around_panic ... ok
test regression::r506_word_not_parenthesized ... ok
test regression::r483_matching_no_stdout ... ok
test regression::r2480 ... ok
test regression::r428_unrecognized_style ... ok
test regression::r493 ... ok
test regression::r49 ... ok
test regression::r483_non_matching_exit_code ... ok
test regression::r50 ... ok
test regression::r67 ... FAILED
test regression::r553_flag ... ok
test regression::r65 ... ok
test regression::r64 ... ok
test regression::r693_context_in_contextless_mode ... ok
test regression::r599 ... ok
test regression::r807 ... ok
test regression::r568_leading_hyphen_option_args ... ok
test regression::r553_switch ... ok
test regression::r829_2933 ... ok
test regression::r900 ... ok
test regression::r87 ... ok
test regression::r90 ... ok
test regression::r99 ... ok
test regression::r829_2778 ... ok
test regression::r3108_files_without_match_quiet_exit ... ok
test regression::r829_2836 ... ok
test regression::r3173_hidden_whitelist_only_dot ... ok
test regression::r829_original ... FAILED
test regression::r2711 ... ok
test regression::r829_2747 ... ok
test regression::r829_2731 ... ok
test regression::r93 ... ok

failures:

---- binary::mmap_match_implicit stdout ----

thread 'binary::mmap_match_implicit' (21680) panicked at tests\util.rs:441:21:
C:\Users\kolla\AppData\Local\Temp\ripgrep-tests\mmap_match_implicit\25: Os { code: 32, kind: Uncategorized, message: "The process cannot access the file because it is being used by another process." }
note: run with `RUST_BACKTRACE=1` environment variable to display a backtrace

---- feature::f129_context stdout ----

thread 'feature::f129_context' (1556) panicked at tests\util.rs:441:21:
C:\Users\kolla\AppData\Local\Temp\ripgrep-tests\f129_context\41: Os { code: 32, kind: Uncategorized, message: "The process cannot access the file because it is being used by another process." }

---- feature::f1842_field_context_separator stdout ----

thread 'feature::f1842_field_context_separator' (11676) panicked at tests\util.rs:441:21:
C:\Users\kolla\AppData\Local\Temp\ripgrep-tests\f1842_field_context_separator\51: Os { code: 32, kind: Uncategorized, message: "The process cannot access the file because it is being used by another process." }

---- feature::f1842_field_match_separator stdout ----

thread 'feature::f1842_field_match_separator' (1452) panicked at tests\util.rs:441:21:
C:\Users\kolla\AppData\Local\Temp\ripgrep-tests\f1842_field_match_separator\52: Os { code: 32, kind: Uncategorized, message: "The process cannot access the file because it is being used by another process." }

---- feature::f1_eucjp stdout ----

thread 'feature::f1_eucjp' (6868) panicked at tests\util.rs:441:21:
C:\Users\kolla\AppData\Local\Temp\ripgrep-tests\f1_eucjp\54: Os { code: 32, kind: Uncategorized, message: "The process cannot access the file because it is being used by another process." }

---- feature::f196_persistent_config stdout ----

thread 'feature::f196_persistent_config' (23580) panicked at tests\util.rs:441:21:
C:\Users\kolla\AppData\Local\Temp\ripgrep-tests\f196_persistent_config\53: Os { code: 32, kind: Uncategorized, message: "The process cannot access the file because it is being used by another process." }

---- feature::f20_no_filename stdout ----

thread 'feature::f20_no_filename' (17700) panicked at tests\util.rs:441:21:
C:\Users\kolla\AppData\Local\Temp\ripgrep-tests\f20_no_filename\60: Os { code: 32, kind: Uncategorized, message: "The process cannot access the file because it is being used by another process." }

---- feature::f70_smart_case stdout ----

thread 'feature::f70_smart_case' (12300) panicked at tests\util.rs:441:21:
C:\Users\kolla\AppData\Local\Temp\ripgrep-tests\f70_smart_case\85: Os { code: 32, kind: Uncategorized, message: "The process cannot access the file because it is being used by another process." }

---- feature::f740_passthru stdout ----

thread 'feature::f740_passthru' (5092) panicked at tests\util.rs:441:21:
C:\Users\kolla\AppData\Local\Temp\ripgrep-tests\f740_passthru\86: Os { code: 32, kind: Uncategorized, message: "The process cannot access the file because it is being used by another process." }

---- feature::f7_stdin stdout ----

thread 'feature::f7_stdin' (4240) panicked at tests\util.rs:441:21:
C:\Users\kolla\AppData\Local\Temp\ripgrep-tests\f7_stdin\87: Os { code: 32, kind: Uncategorized, message: "The process cannot access the file because it is being used by another process." }

---- feature::f89_count stdout ----

thread 'feature::f89_count' (24940) panicked at tests\util.rs:441:21:
C:\Users\kolla\AppData\Local\Temp\ripgrep-tests\f89_count\88: Os { code: 32, kind: Uncategorized, message: "The process cannot access the file because it is being used by another process." }

---- feature::f89_files_with_matches stdout ----

thread 'feature::f89_files_with_matches' (14000) panicked at tests\util.rs:441:21:
C:\Users\kolla\AppData\Local\Temp\ripgrep-tests\f89_files_with_matches\90: Os { code: 32, kind: Uncategorized, message: "The process cannot access the file because it is being used by another process." }

---- feature::f89_files_without_match stdout ----

thread 'feature::f89_files_without_match' (24564) panicked at tests\util.rs:441:21:
C:\Users\kolla\AppData\Local\Temp\ripgrep-tests\f89_files_without_match\91: Os { code: 32, kind: Uncategorized, message: "The process cannot access the file because it is being used by another process." }

---- feature::f89_files stdout ----

thread 'feature::f89_files' (24020) panicked at tests\util.rs:441:21:
C:\Users\kolla\AppData\Local\Temp\ripgrep-tests\f89_files\89: Os { code: 32, kind: Uncategorized, message: "The process cannot access the file because it is being used by another process." }

---- feature::f917_trim stdout ----

thread 'feature::f917_trim' (26472) panicked at tests\util.rs:441:21:
C:\Users\kolla\AppData\Local\Temp\ripgrep-tests\f917_trim\93: Os { code: 32, kind: Uncategorized, message: "The process cannot access the file because it is being used by another process." }

---- feature::f917_trim_match stdout ----

thread 'feature::f917_trim_match' (14960) panicked at tests\util.rs:441:21:
C:\Users\kolla\AppData\Local\Temp\ripgrep-tests\f917_trim_match\94: Os { code: 32, kind: Uncategorized, message: "The process cannot access the file because it is being used by another process." }

---- feature::f917_trim_max_columns_multi_only_matching stdout ----

thread 'feature::f917_trim_max_columns_multi_only_matching' (22460) panicked at tests\util.rs:441:21:
C:\Users\kolla\AppData\Local\Temp\ripgrep-tests\f917_trim_max_columns_multi_only_matching\96: Os { code: 32, kind: Uncategorized, message: "The process cannot access the file because it is being used by another process." }

---- feature::f917_trim_max_columns_multi_per_match stdout ----

thread 'feature::f917_trim_max_columns_multi_per_match' (19240) panicked at tests\util.rs:441:21:
C:\Users\kolla\AppData\Local\Temp\ripgrep-tests\f917_trim_max_columns_multi_per_match\97: Os { code: 32, kind: Uncategorized, message: "The process cannot access the file because it is being used by another process." }

---- feature::f917_trim_max_columns_multi_standard stdout ----

thread 'feature::f917_trim_max_columns_multi_standard' (18456) panicked at tests\util.rs:441:21:
C:\Users\kolla\AppData\Local\Temp\ripgrep-tests\f917_trim_max_columns_multi_standard\98: Os { code: 32, kind: Uncategorized, message: "The process cannot access the file because it is being used by another process." }

---- feature::f917_trim_max_columns_normal stdout ----

thread 'feature::f917_trim_max_columns_normal' (21408) panicked at tests\util.rs:441:21:
C:\Users\kolla\AppData\Local\Temp\ripgrep-tests\f917_trim_max_columns_normal\99: Os { code: 32, kind: Uncategorized, message: "The process cannot access the file because it is being used by another process." }

---- feature::f917_trim_max_columns_matches stdout ----

thread 'feature::f917_trim_max_columns_matches' (5524) panicked at tests\util.rs:441:21:
C:\Users\kolla\AppData\Local\Temp\ripgrep-tests\f917_trim_max_columns_matches\95: Os { code: 32, kind: Uncategorized, message: "The process cannot access the file because it is being used by another process." }

---- feature::f917_trim_multi_standard stdout ----

thread 'feature::f917_trim_multi_standard' (22144) panicked at tests\util.rs:441:21:
C:\Users\kolla\AppData\Local\Temp\ripgrep-tests\f917_trim_multi_standard\100: Os { code: 5, kind: PermissionDenied, message: "Access is denied." }

---- misc::binary_quit stdout ----

thread 'misc::binary_quit' (16052) panicked at tests\util.rs:335:44:
called `Result::unwrap()` on an `Err` value: Os { code: 267, kind: NotADirectory, message: "The directory name is invalid." }

---- misc::file_type_add_compose stdout ----

thread 'misc::file_type_add_compose' (20336) panicked at tests\util.rs:441:21:
C:\Users\kolla\AppData\Local\Temp\ripgrep-tests\file_type_add_compose\148: Os { code: 32, kind: Uncategorized, message: "The process cannot access the file because it is being used by another process." }

---- misc::file_types_all stdout ----

thread 'misc::file_types_all' (13268) panicked at tests\util.rs:335:44:
called `Result::unwrap()` on an `Err` value: Os { code: 267, kind: NotADirectory, message: "The directory name is invalid." }

---- misc::file_types stdout ----

thread 'misc::file_types' (24460) panicked at tests\util.rs:414:13:


==========
command failed but expected success!

command: "C:\\Users\\kolla\\AppData\\Local\\lrc-bench\\wt3\\target\\debug\\deps\\../rg.exe" "--path-separator" "/" "-t" "rust" "Sherlock"

cwd: C:\Users\kolla\AppData\Local\Temp\ripgrep-tests\file_types\150

dir list: ["C:\\Users\\kolla\\AppData\\Local\\Temp\\ripgrep-tests\\file_types\\150"]

status: exit code: 2

stdout: 

stderr: rg: No files were searched, which means ripgrep probably applied a filter you didn't expect.
Running with --debug will show why files are being skipped.


==========


---- misc::ignore_git stdout ----

thread 'misc::ignore_git' (22520) panicked at tests\util.rs:335:44:
called `Result::unwrap()` on an `Err` value: Os { code: 267, kind: NotADirectory, message: "The directory name is invalid." }

---- misc::ignore_git_multi_root_order stdout ----

thread 'misc::ignore_git_multi_root_order' (12976) panicked at tests\util.rs:414:13:


==========
command failed but expected success!

command: "C:\\Users\\kolla\\AppData\\Local\\lrc-bench\\wt3\\target\\debug\\deps\\../rg.exe" "--path-separator" "/" "--files-with-matches" "this" "src" "tests"

cwd: C:\Users\kolla\AppData\Local\Temp\ripgrep-tests\ignore_git_multi_root_order\164

dir list: ["C:\\Users\\kolla\\AppData\\Local\\Temp\\ripgrep-tests\\ignore_git_multi_root_order\\164"]

status: exit code: 2

stdout: 

stderr: rg: src: The system cannot find the file specified. (os error 2)
rg: tests: The system cannot find the file specified. (os error 2)


==========


---- misc::ignore_ripgrep_parent_no_stop stdout ----

thread 'misc::ignore_ripgrep_parent_no_stop' (15488) panicked at tests\util.rs:441:21:
C:\Users\kolla\AppData\Local\Temp\ripgrep-tests\ignore_ripgrep_parent_no_stop\171: Os { code: 5, kind: PermissionDenied, message: "Access is denied." }

---- misc::ignore_git_parent_stop stdout ----

thread 'misc::ignore_git_parent_stop' (5784) panicked at tests\util.rs:414:13:


==========
command failed but expected success!

command: "C:\\Users\\kolla\\AppData\\Local\\lrc-bench\\wt3\\target\\debug\\deps\\../rg.exe" "--path-separator" "/" "Sherlock"

cwd: C:\Users\kolla\AppData\Local\Temp\ripgrep-tests\ignore_git_parent_stop\166

dir list: ["C:\\Users\\kolla\\AppData\\Local\\Temp\\ripgrep-tests\\ignore_git_parent_stop\\166", "C:\\Users\\kolla\\AppData\\Local\\Temp\\ripgrep-tests\\ignore_git_parent_stop\\166\\foo", "C:\\Users\\kolla\\AppData\\Local\\Temp\\ripgrep-tests\\ignore_git_parent_stop\\166\\foo\\bar"]

status: exit code: 2

stdout: 

stderr: rg: No files were searched, which means ripgrep probably applied a filter you didn't expect.
Running with --debug will show why files are being skipped.


==========


---- misc::ignore_git_parent_stop_file stdout ----

thread 'misc::ignore_git_parent_stop_file' (23940) panicked at tests\util.rs:414:13:


==========
command failed but expected success!

command: "C:\\Users\\kolla\\AppData\\Local\\lrc-bench\\wt3\\target\\debug\\deps\\../rg.exe" "--path-separator" "/" "Sherlock"

cwd: C:\Users\kolla\AppData\Local\Temp\ripgrep-tests\ignore_git_parent_stop_file\167

dir list: ["C:\\Users\\kolla\\AppData\\Local\\Temp\\ripgrep-tests\\ignore_git_parent_stop_file\\167", "C:\\Users\\kolla\\AppData\\Local\\Temp\\ripgrep-tests\\ignore_git_parent_stop_file\\167\\foo", "C:\\Users\\kolla\\AppData\\Local\\Temp\\ripgrep-tests\\ignore_git_parent_stop_file\\167\\foo\\bar"]

status: exit code: 2

stdout: 

stderr: rg: No files were searched, which means ripgrep probably applied a filter you didn't expect.
Running with --debug will show why files are being skipped.


==========


---- misc::max_filesize_parse_k_suffix stdout ----

thread 'misc::max_filesize_parse_k_suffix' (23740) panicked at tests\util.rs:414:13:


==========
command failed but expected success!

Did your search end up with no results?

command: "C:\\Users\\kolla\\AppData\\Local\\lrc-bench\\wt3\\target\\debug\\deps\\../rg.exe" "--path-separator" "/" "--max-filesize" "4K" "--files"

cwd: C:\Users\kolla\AppData\Local\Temp\ripgrep-tests\max_filesize_parse_k_suffix\181

dir list: ["C:\\Users\\kolla\\AppData\\Local\\Temp\\ripgrep-tests\\max_filesize_parse_k_suffix\\181"]

status: exit code: 1

stdout: 

stderr: 

==========


---- misc::no_ignore stdout ----

thread 'misc::no_ignore' (10136) panicked at tests\util.rs:441:21:
C:\Users\kolla\AppData\Local\Temp\ripgrep-tests\no_ignore\185: Os { code: 5, kind: PermissionDenied, message: "Access is denied." }

---- misc::sortr_accessed stdout ----

thread 'misc::sortr_accessed' (8080) panicked at tests\util.rs:441:21:
C:\Users\kolla\AppData\Local\Temp\ripgrep-tests\sortr_accessed\198: Os { code: 5, kind: PermissionDenied, message: "Access is denied." }

---- misc::with_heading_default stdout ----

thread 'misc::with_heading_default' (7792) panicked at tests\util.rs:441:21:
C:\Users\kolla\AppData\Local\Temp\ripgrep-tests\with_heading_default\209: Os { code: 32, kind: Uncategorized, message: "The process cannot access the file because it is being used by another process." }

---- misc::replace_with_only_matching stdout ----

thread 'misc::replace_with_only_matching' (4360) panicked at tests\util.rs:414:13:


==========
command failed but expected success!

command: "C:\\Users\\kolla\\AppData\\Local\\lrc-bench\\wt3\\target\\debug\\deps\\../rg.exe" "--path-separator" "/" "-o" "-r" "$1" "of (\\w+)" "sherlock"

cwd: C:\Users\kolla\AppData\Local\Temp\ripgrep-tests\replace_with_only_matching\194

dir list: ["C:\\Users\\kolla\\AppData\\Local\\Temp\\ripgrep-tests\\replace_with_only_matching\\194"]

status: exit code: 2

stdout: 

stderr: rg: sherlock: IO error for operation on sherlock: The system cannot find the file specified. (os error 2)


==========


---- misc::sort_accessed stdout ----

thread 'misc::sort_accessed' (21740) panicked at tests\misc.rs:1188:5:

printed outputs differ!

expected:
~~~~~~~~~~~~~~~~~~~~~~~~~~~~~~~~~~~~~~~~~~~~~~~~~~~~~~~~~~~~~~~~~~~~~~~~~~~~~~~
a:test
dir/c:test
b:test
dir/d:test

~~~~~~~~~~~~~~~~~~~~~~~~~~~~~~~~~~~~~~~~~~~~~~~~~~~~~~~~~~~~~~~~~~~~~~~~~~~~~~~

got:
~~~~~~~~~~~~~~~~~~~~~~~~~~~~~~~~~~~~~~~~~~~~~~~~~~~~~~~~~~~~~~~~~~~~~~~~~~~~~~~
a:test
dir/c:test
dir/d:test
b:test

~~~~~~~~~~~~~~~~~~~~~~~~~~~~~~~~~~~~~~~~~~~~~~~~~~~~~~~~~~~~~~~~~~~~~~~~~~~~~~~


---- regression::r1334_invert_empty_patterns stdout ----

thread 'regression::r1334_invert_empty_patterns' (16256) panicked at tests\util.rs:441:21:
C:\Users\kolla\AppData\Local\Temp\ripgrep-tests\r1334_invert_empty_patterns\243: Os { code: 5, kind: PermissionDenied, message: "Access is denied." }

---- regression::r206 stdout ----

thread 'regression::r206' (26476) panicked at tests\util.rs:335:44:
called `Result::unwrap()` on an `Err` value: Os { code: 267, kind: NotADirectory, message: "The directory name is invalid." }

---- regression::r2574 stdout ----

thread 'regression::r2574' (13184) panicked at tests\util.rs:441:21:
C:\Users\kolla\AppData\Local\Temp\ripgrep-tests\r2574\276: Os { code: 32, kind: Uncategorized, message: "The process cannot access the file because it is being used by another process." }

---- regression::r3067_gitignore_error stdout ----

thread 'regression::r3067_gitignore_error' (7724) panicked at tests\util.rs:441:21:
C:\Users\kolla\AppData\Local\Temp\ripgrep-tests\r3067_gitignore_error\284: Os { code: 5, kind: PermissionDenied, message: "Access is denied." }

---- regression::r391 stdout ----

thread 'regression::r391' (6804) panicked at tests\util.rs:441:21:
C:\Users\kolla\AppData\Local\Temp\ripgrep-tests\r391\292: Os { code: 5, kind: PermissionDenied, message: "Access is denied." }

---- regression::r67 stdout ----

thread 'regression::r67' (21748) panicked at tests\util.rs:441:21:
C:\Users\kolla\AppData\Local\Temp\ripgrep-tests\r67\309: Os { code: 5, kind: PermissionDenied, message: "Access is denied." }

---- regression::r829_original stdout ----

thread 'regression::r829_original' (4092) panicked at tests\util.rs:335:44:
called `Result::unwrap()` on an `Err` value: Os { code: 267, kind: NotADirectory, message: "The directory name is invalid." }


failures:
    binary::mmap_match_implicit
    feature::f129_context
    feature::f1842_field_context_separator
    feature::f1842_field_match_separator
    feature::f196_persistent_config
    feature::f1_eucjp
    feature::f20_no_filename
    feature::f70_smart_case
    feature::f740_passthru
    feature::f7_stdin
    feature::f89_count
    feature::f89_files
    feature::f89_files_with_matches
    feature::f89_files_without_match
    feature::f917_trim
    feature::f917_trim_match
    feature::f917_trim_max_columns_matches
    feature::f917_trim_max_columns_multi_only_matching
    feature::f917_trim_max_columns_multi_per_match
    feature::f917_trim_max_columns_multi_standard
    feature::f917_trim_max_columns_normal
    feature::f917_trim_multi_standard
    misc::binary_quit
    misc::file_type_add_compose
    misc::file_types
    misc::file_types_all
    misc::ignore_git
    misc::ignore_git_multi_root_order
    misc::ignore_git_parent_stop
    misc::ignore_git_parent_stop_file
    misc::ignore_ripgrep_parent_no_stop
    misc::max_filesize_parse_k_suffix
    misc::no_ignore
    misc::replace_with_only_matching
    misc::sort_accessed
    misc::sortr_accessed
    misc::with_heading_default
    regression::r1334_invert_empty_patterns
    regression::r206
    regression::r2574
    regression::r3067_gitignore_error
    regression::r391
    regression::r67
    regression::r829_original

test result: FAILED. 279 passed; 44 failed; 0 ignored; 0 measured; 0 filtered out; finished in 8.59s

error: test failed, to rerun pass `--test integration`
